Archive member included to satisfy reference by file (symbol)

/opt/blocksds/core/libs/libnds/lib/libnds9.a(mpu_setup.s.o)
                              /opt/blocksds/core/sys/crts/ds_arm9_crt0.o (__libnds_mpu_setup)
/opt/blocksds/core/libs/libnds/lib/libnds9.a(cp15.s.o)
                              /opt/blocksds/core/sys/crts/ds_arm9_crt0.o (CP15_FlushICache)
/opt/blocksds/core/libs/libnds/lib/libnds9.a(crt0_argv.c.o)
                              /opt/blocksds/core/sys/crts/ds_arm9_crt0.o (build_argv)
/opt/blocksds/core/libs/libnds/lib/libnds9.a(console.c.o)
                              build/ds_deyellow_test/source/main.c.o (consoleSelect)
/opt/blocksds/core/libs/libnds/lib/libnds9.a(securearea.c.o)
                              /opt/blocksds/core/sys/crts/ds_arm9_crt0.o (__secure_area__)
/opt/blocksds/core/libs/libnds/lib/libnds9.a(cache.c.o)
                              /opt/blocksds/core/libs/libnds/lib/libnds9.a(console.c.o) (CP15_CleanAndFlushDCacheRange)
/opt/blocksds/core/libs/libnds/lib/libnds9.a(keys.c.o)
                              build/ds_deyellow_test/source/main.c.o (scanKeys)
/opt/blocksds/core/libs/libnds/lib/libnds9.a(initSystem.c.o)
                              /opt/blocksds/core/sys/crts/ds_arm9_crt0.o (__debugger_unit)
/opt/blocksds/core/libs/libnds/lib/libnds9.a(background.c.o)
                              /opt/blocksds/core/libs/libnds/lib/libnds9.a(console.c.o) (bgState)
/opt/blocksds/core/libs/libnds/lib/libnds9.a(video.c.o)
                              /opt/blocksds/core/libs/libnds/lib/libnds9.a(console.c.o) (setBrightness)
/opt/blocksds/core/libs/libnds/lib/libnds9.a(trig.c.o)
                              /opt/blocksds/core/libs/libnds/lib/libnds9.a(background.c.o) (sinLerp)
/opt/blocksds/core/libs/libnds/lib/libnds9.a(swiIntrWait.c.o)
                              build/ds_deyellow_test/source/main.c.o (swiWaitForVBlank)
/opt/blocksds/core/libs/libnds/lib/libnds9.a(interrupts.c.o)
                              /opt/blocksds/core/libs/libnds/lib/libnds9.a(initSystem.c.o) (irqInit)
/opt/blocksds/core/libs/libnds/lib/libnds9.a(sbrk.c.o)
                              /opt/blocksds/core/sys/crts/ds_arm9_crt0.o (fake_heap_start)
/opt/blocksds/core/libs/libnds/lib/libnds9.a(exit.c.o)
                              /opt/blocksds/core/sys/crts/ds_arm9_crt0.o (__libnds_exit)
/opt/blocksds/core/libs/libnds/lib/libnds9.a(heapfuncs.c.o)
                              /opt/blocksds/core/libs/libnds/lib/libnds9.a(initSystem.c.o) (reduceHeapSize)
/opt/blocksds/core/libs/libnds/lib/libnds9.a(fifosystem.c.o)
                              build/ds_deyellow_test/source/main.c.o (fifoSendValue32)
/opt/blocksds/core/libs/libnds/lib/libnds9.a(debugprint.c.o)
                              /opt/blocksds/core/libs/libnds/lib/libnds9.a(console.c.o) (nocash_putc_buffered)
/opt/blocksds/core/libs/libnds/lib/libnds9.a(threads.c.o)
                              /opt/blocksds/core/libs/libnds/lib/libnds9.a(fifosystem.c.o) (cothread_yield_signal)
/opt/blocksds/core/libs/libnds/lib/libnds9.a(default_font.png.o)
                              /opt/blocksds/core/libs/libnds/lib/libnds9.a(console.c.o) (default_fontTiles)
/opt/blocksds/core/libs/libnds/lib/libnds9.a(cpu_clock.s.o)
                              /opt/blocksds/core/libs/libnds/lib/libnds9.a(initSystem.c.o) (setCpuClock)
/opt/blocksds/core/libs/libnds/lib/libnds9.a(interruptDispatcher.s.o)
                              /opt/blocksds/core/libs/libnds/lib/libnds9.a(interrupts.c.o) (IntrMain)
/opt/blocksds/core/libs/libnds/lib/libnds9.a(dma.s.o)
                              /opt/blocksds/core/libs/libnds/lib/libnds9.a(console.c.o) (dmaSetParams)
/opt/blocksds/core/libs/libnds/lib/libnds9.a(memcpy.s.o)
                              /opt/blocksds/core/libs/libnds/lib/libnds9.a(keys.c.o) (memcpy)
/opt/blocksds/core/libs/libnds/lib/libnds9.a(coroutine.s.o)
                              /opt/blocksds/core/libs/libnds/lib/libnds9.a(threads.c.o) (__ndsabi_coro_resume)
/opt/blocksds/core/libs/libnds/lib/libnds9.a(memset.s.o)
                              /opt/blocksds/core/libs/libnds/lib/libnds9.a(console.c.o) (memset)
/opt/blocksds/core/libs/libnds/lib/libnds9.a(aeabi_read_tp.s.o)
                              /opt/blocksds/core/libs/libnds/lib/libnds9.a(sbrk.c.o) (__aeabi_read_tp)
/opt/blocksds/core/libs/libnds/lib/libnds9.a(iob.c.o)
                              /opt/blocksds/core/libs/libnds/lib/libnds9.a(console.c.o) (stderr)
/opt/blocksds/core/libs/libnds/lib/libnds9.a(system.c.o)
                              /opt/blocksds/core/libs/libnds/lib/libnds9.a(initSystem.c.o) (systemValueHandler)
/opt/blocksds/core/libs/libnds/lib/libnds9.a(exceptions.c.o)
                              /opt/blocksds/core/libs/libnds/lib/libnds9.a(system.c.o) (exceptionStatePrint)
/opt/blocksds/core/libs/libnds/lib/libnds9.a(exceptions.c.o)
                              /opt/blocksds/core/libs/libnds/lib/libnds9.a(exceptions.c.o) (setExceptionHandler)
[...]
Memory Configuration

Name             Origin             Length             Attributes
ewram            0x02000000         0x00380000
dtcm             0x02ff0000         0x00004000
itcm             0x01000000         0x00008000
*default*        0x00000000         0xffffffff

Linker script and memory map

                0x00000000                        PROVIDE (__dtcm_data_size = 0x0)
                0x00000001                        ASSERT (((__dtcm_data_size & 0x3) == 0x0), __dtcm_data_size must be a multiple of 4)
                0x00004000                        PROVIDE (__dldi_size = 0x4000)
                0x00000040                        PROVIDE (__dtcm_reserved_size = 0x40)
                0x00000001                        ASSERT (((__dtcm_reserved_size & 0x3) == 0x0), __dtcm_reserved_size must be a multiple of 4)
                0x00000100                        PROVIDE (__svc_stack_size = 0x100)
                0x00000001                        ASSERT (((__svc_stack_size & 0x3) == 0x0), __svc_stack_size must be a multiple of 4)
                0x00000100                        PROVIDE (__irq_stack_size = 0x100)
                0x00000001                        ASSERT (((__irq_stack_size & 0x3) == 0x0), __irq_stack_size must be a multiple of 4)
                0x00000000                        PROVIDE (__usr_stack_size = 0x0)
                0x00000001                        ASSERT (((__usr_stack_size & 0x3) == 0x0), __usr_stack_size must be a multiple of 4)
                0x02380000                        __ewram_end = (ORIGIN (ewram) + LENGTH (ewram))
                0x02380000                        __eheap_end = (ORIGIN (ewram) + LENGTH (ewram))
                0x02ff0000                        __dtcm_start = ORIGIN (dtcm)
                0x02ff4000                        __dtcm_top = (ORIGIN (dtcm) + LENGTH (dtcm))
                0x02ff3ff8                        __irq_flags = (__dtcm_top - 0x8)
                0x02ff3ffc                        __irq_vector = (__dtcm_top - 0x4)
                0x02ff3fc0                        __sp_svc = (__dtcm_top - __dtcm_reserved_size)
                0x02ff3ec0                        __sp_irq = (__sp_svc - __svc_stack_size)
                0x02ff3dc0                        __sp_usr = ((__sp_irq - __irq_stack_size) - __dtcm_data_size)
                0x02ff0000                        __dtcm_data_start = (__dtcm_data_size > 0x0)?__sp_usr:ORIGIN (dtcm)
                0x02ff3dc0                        __dtcm_data_top = (__dtcm_data_size > 0x0)?(__sp_irq - __irq_stack_size):(__sp_usr - __usr_stack_size)
                0x0000000e                        __dldi_log2_size = (LOG2CEIL ((__dldi_size + 0x1)) - 0x1)

.secure         0x02000000      0x800
 *(.secure)
 .secure        0x02000000      0x800 /opt/blocksds/core/libs/libnds/lib/libnds9.a(securearea.c.o)
                0x02000000                __secure_area__

.crt0           0x02000800      0x2f0
                0x02000800                        __text_start = .
 *(.crt0)
 .crt0          0x02000800      0x2f0 /opt/blocksds/core/sys/crts/ds_arm9_crt0.o
                0x02000800                _start
                0x02000af0                        . = ALIGN (0x4)

.dldi           0x02000af0        0x0
                0x02000af0                        __dldi_start = .
 *(.dldi)
                0x02000af0                        . = ALIGN (0x4)
                0x02000af0                        __dldi_data_end = .
                0x02000af0                        __dldi_end = (__dldi_data_end > __dldi_start)?(__dldi_start + __dldi_size):__dldi_start
                0x02000af0                        . = __dldi_end
                0x02000af0                        . = ALIGN (0x4)

.plt
 *(.plt)

.init           0x02000af0        0x8
 *(SORT_NONE(.init))
 .init          0x02000af0        0x8 /opt/wonderful/toolchain/gcc-arm-none-eabi/lib/gcc/arm-none-eabi/15.2.1/thumb/arm946e-s/crtn.o

.text           0x02000af8     0x4cc0
 *(EXCLUDE_FILE(*.twl* *.itcm*) .text)
 .text          0x02000af8        0xe /opt/wonderful/toolchain/gcc-arm-none-eabi/lib/gcc/arm-none-eabi/15.2.1/../../../../arm-none-eabi/lib/thumb/arm946e-s/libc.a(strlen.S.o)
                0x02000af8                strlen
 *fill*         0x02000b06        0x2 ff
 .text          0x02000b08       0x14 /opt/wonderful/toolchain/gcc-arm-none-eabi/lib/gcc/arm-none-eabi/15.2.1/thumb/arm946e-s/libgcc.a(_thumb1_case_uqi.o)
                0x02000b08                __gnu_thumb1_case_uqi
 .text          0x02000b1c       0x14 /opt/wonderful/toolchain/gcc-arm-none-eabi/lib/gcc/arm-none-eabi/15.2.1/thumb/arm946e-s/libgcc.a(_thumb1_case_uhi.o)
                0x02000b1c                __gnu_thumb1_case_uhi
 .text          0x02000b30      0x214 /opt/wonderful/toolchain/gcc-arm-none-eabi/lib/gcc/arm-none-eabi/15.2.1/thumb/arm946e-s/libgcc.a(_udivsi3.o)
                0x02000b30                __udivsi3
                0x02000b30                __aeabi_uidiv
                0x02000d24                __aeabi_uidivmod
 .text          0x02000d44      0x248 /opt/wonderful/toolchain/gcc-arm-none-eabi/lib/gcc/arm-none-eabi/15.2.1/thumb/arm946e-s/libgcc.a(_divsi3.o)
                0x02000d44                __aeabi_idiv
                0x02000d44                __divsi3
                0x02000f6c                __aeabi_idivmod
 .text          0x02000f8c        0x4 /opt/wonderful/toolchain/gcc-arm-none-eabi/lib/gcc/arm-none-eabi/15.2.1/thumb/arm946e-s/libgcc.a(_dvmd_tls.o)
                0x02000f8c                __aeabi_ldiv0
                0x02000f8c                __aeabi_idiv0
 .text          0x02000f90       0x18 /opt/wonderful/toolchain/gcc-arm-none-eabi/lib/gcc/arm-none-eabi/15.2.1/thumb/arm946e-s/libgcc.a(_lshrdi3.o)
                0x02000f90                __aeabi_llsr
                0x02000f90                __lshrdi3
 .text          0x02000fa8       0x1c /opt/wonderful/toolchain/gcc-arm-none-eabi/lib/gcc/arm-none-eabi/15.2.1/thumb/arm946e-s/libgcc.a(_ashrdi3.o)
                0x02000fa8                __ashrdi3
                0x02000fa8                __aeabi_lasr
 .text          0x02000fc4       0x18 /opt/wonderful/toolchain/gcc-arm-none-eabi/lib/gcc/arm-none-eabi/15.2.1/thumb/arm946e-s/libgcc.a(_ashldi3.o)
                0x02000fc4                __ashldi3
                0x02000fc4                __aeabi_llsl
 .text          0x02000fdc        0x8 /opt/wonderful/toolchain/gcc-arm-none-eabi/lib/gcc/arm-none-eabi/15.2.1/thumb/arm946e-s/libgcc.a(_clzsi2.o)
                0x02000fdc                __clzsi2
 .text          0x02000fe4       0x3c /opt/wonderful/toolchain/gcc-arm-none-eabi/lib/gcc/arm-none-eabi/15.2.1/thumb/arm946e-s/libgcc.a(_aeabi_uldivmod.o)
                0x02000fe4                __aeabi_uldivmod
 .text          0x02001020      0x190 /opt/wonderful/toolchain/gcc-arm-none-eabi/lib/gcc/arm-none-eabi/15.2.1/thumb/arm946e-s/libgcc.a(_udivmoddi4.o)
                0x02001020                __udivmoddi4
 .text          0x020011b0       0x14 /opt/wonderful/toolchain/gcc-arm-none-eabi/lib/gcc/arm-none-eabi/15.2.1/thumb/arm946e-s/libgcc.a(muldi3.o)
                0x020011b0                __aeabi_lmul
                0x020011b0                __muldi3
 .text          0x020011c4       0x14 /opt/wonderful/toolchain/gcc-arm-none-eabi/lib/gcc/arm-none-eabi/15.2.1/thumb/arm946e-s/libgcc.a(_clzdi2.o)
                0x020011c4                __clzdi2
 *(EXCLUDE_FILE(*.twl* *.itcm*) .stub)
 *(EXCLUDE_FILE(*.twl* *.itcm*) .text.*)
 .text.startup.main
                0x020011d8      0x11c build/ds_deyellow_test/source/main.c.o
                0x020011d8                main
 .text.print_top_screen
                0x020012f4       0xd8 build/ds_deyellow_test/source/menu.c.o
                0x020012f4                print_top_screen
 .text.print_settings_menu
                0x020013cc       0x70 build/ds_deyellow_test/source/menu.c.o
                0x020013cc                print_settings_menu
 .text.__libnds_mpu_setup
                0x0200143c      0x1c4 /opt/blocksds/core/libs/libnds/lib/libnds9.a(mpu_setup.s.o)
                0x0200143c                __libnds_mpu_setup
 .text.CP15_MPUDisable
                0x02001600       0x3c /opt/blocksds/core/libs/libnds/lib/libnds9.a(mpu_setup.s.o)
                0x02001600                CP15_MPUDisable
 .text.memUncached
                0x0200163c       0x20 /opt/blocksds/core/libs/libnds/lib/libnds9.a(mpu_setup.s.o)
                0x0200163c                memUncached
 .text.CP15_FlushICache
                0x0200165c        0xc /opt/blocksds/core/libs/libnds/lib/libnds9.a(cp15.s.o)
                0x0200165c                CP15_FlushICache
 .text.CP15_FlushDCache
                0x02001668        0xc /opt/blocksds/core/libs/libnds/lib/libnds9.a(cp15.s.o)
                0x02001668                CP15_FlushDCache
 .text.CP15_CleanAndFlushDCache
                0x02001674       0x34 /opt/blocksds/core/libs/libnds/lib/libnds9.a(cp15.s.o)
                0x02001674                CP15_CleanAndFlushDCache
 .text.build_argv
                0x020016a8       0x58 /opt/blocksds/core/libs/libnds/lib/libnds9.a(crt0_argv.c.o)
                0x020016a8                build_argv
 .text.newRow   0x02001700       0x88 /opt/blocksds/core/libs/libnds/lib/libnds9.a(console.c.o)
 .text.consolePrintChar.part.0
                0x02001788      0x100 /opt/blocksds/core/libs/libnds/lib/libnds9.a(console.c.o)
 .text.consoleSelect
                0x02001888       0x28 /opt/blocksds/core/libs/libnds/lib/libnds9.a(console.c.o)
                0x02001888                consoleSelect
 .text.consolePrintChar
                0x020018b0       0x2c /opt/blocksds/core/libs/libnds/lib/libnds9.a(console.c.o)
                0x020018b0                consolePrintChar
 .text.con_write
                0x020018dc      0x330 /opt/blocksds/core/libs/libnds/lib/libnds9.a(console.c.o)
 .text.consoleLoadFont
                0x02001c0c      0x24c /opt/blocksds/core/libs/libnds/lib/libnds9.a(console.c.o)
                0x02001c0c                consoleLoadFont
 .text.consoleInitEx
                0x02001e58      0x19c /opt/blocksds/core/libs/libnds/lib/libnds9.a(console.c.o)
                0x02001e58                consoleInitEx
 .text.consoleInit
                0x02001ff4       0x2c /opt/blocksds/core/libs/libnds/lib/libnds9.a(console.c.o)
                0x02001ff4                consoleInit
 .text.consoleDemoInit
                0x02002020       0x48 /opt/blocksds/core/libs/libnds/lib/libnds9.a(console.c.o)
                0x02002020                consoleDemoInit
 .text.consoleClear
                0x02002068       0x48 /opt/blocksds/core/libs/libnds/lib/libnds9.a(console.c.o)
                0x02002068                consoleClear
 .text.consoleSetCursor
                0x020020b0       0x24 /opt/blocksds/core/libs/libnds/lib/libnds9.a(console.c.o)
                0x020020b0                consoleSetCursor
 .text.consoleSetColor
                0x020020d4       0x18 /opt/blocksds/core/libs/libnds/lib/libnds9.a(console.c.o)
                0x020020d4                consoleSetColor
 .text.consoleArm7Flush
                0x020020ec       0x90 /opt/blocksds/core/libs/libnds/lib/libnds9.a(console.c.o)
                0x020020ec                consoleArm7Flush
 .text.scanKeys
                0x0200217c       0xcc /opt/blocksds/core/libs/libnds/lib/libnds9.a(keys.c.o)
                0x0200217c                scanKeys
 .text.keysHeld
                0x02002248        0xc /opt/blocksds/core/libs/libnds/lib/libnds9.a(keys.c.o)
                0x02002248                keysHeld
 .text.keysDown
                0x02002254        0xc /opt/blocksds/core/libs/libnds/lib/libnds9.a(keys.c.o)
                0x02002254                keysDown
 .text.setTransferInputData
                0x02002260       0x1c /opt/blocksds/core/libs/libnds/lib/libnds9.a(keys.c.o)
                0x02002260                setTransferInputData
 .text.initSystem
                0x0200227c      0x128 /opt/blocksds/core/libs/libnds/lib/libnds9.a(initSystem.c.o)
                0x0200227c                initSystem
 .text.checkIfText
                0x020023a4       0x6c /opt/blocksds/core/libs/libnds/lib/libnds9.a(background.c.o)
                0x020023a4                checkIfText
 .text.bgUpdate
                0x02002410       0xe8 /opt/blocksds/core/libs/libnds/lib/libnds9.a(background.c.o)
                0x02002410                bgUpdate
 .text.bgInit_call
                0x020024f8       0xa8 /opt/blocksds/core/libs/libnds/lib/libnds9.a(background.c.o)
                0x020024f8                bgInit_call
 .text.bgInitSub_call
                0x020025a0       0xb0 /opt/blocksds/core/libs/libnds/lib/libnds9.a(background.c.o)
                0x020025a0                bgInitSub_call
 .text.setBrightness
                0x02002650       0x40 /opt/blocksds/core/libs/libnds/lib/libnds9.a(video.c.o)
                0x02002650                setBrightness
 .text.vramDefault
                0x02002690       0xe4 /opt/blocksds/core/libs/libnds/lib/libnds9.a(video.c.o)
                0x02002690                vramDefault
 .text.sinLutLookup
                0x02002774       0x4c /opt/blocksds/core/libs/libnds/lib/libnds9.a(trig.c.o)
                0x02002774                sinLutLookup
 .text.sinLerp  0x020027c0       0x38 /opt/blocksds/core/libs/libnds/lib/libnds9.a(trig.c.o)
                0x020027c0                sinLerp
 .text.cosLerp  0x020027f8       0x44 /opt/blocksds/core/libs/libnds/lib/libnds9.a(trig.c.o)
                0x020027f8                cosLerp
 .text.irqSet   0x0200283c       0x90 /opt/blocksds/core/libs/libnds/lib/libnds9.a(interrupts.c.o)
                0x0200283c                irqSet
 .text.irqInit  0x020028cc       0x44 /opt/blocksds/core/libs/libnds/lib/libnds9.a(interrupts.c.o)
                0x020028cc                irqInit
 .text.irqEnable
                0x02002910       0x64 /opt/blocksds/core/libs/libnds/lib/libnds9.a(interrupts.c.o)
                0x02002910                irqEnable
 .text.sbrk     0x02002974       0x44 /opt/blocksds/core/libs/libnds/lib/libnds9.a(sbrk.c.o)
                0x02002974                sbrk
 .text.systemErrorExit
                0x020029b8        0x4 /opt/blocksds/core/libs/libnds/lib/libnds9.a(exit.c.o)
                0x020029b8                systemErrorExit
 .text.__libnds_exit
                0x020029bc        0x8 /opt/blocksds/core/libs/libnds/lib/libnds9.a(exit.c.o)
                0x020029bc                __libnds_exit
 .text._exit    0x020029c4       0xb8 /opt/blocksds/core/libs/libnds/lib/libnds9.a(exit.c.o)
                0x020029c4                _exit
 .text.reduceHeapSize
                0x02002a7c       0x2c /opt/blocksds/core/libs/libnds/lib/libnds9.a(heapfuncs.c.o)
                0x02002a7c                reduceHeapSize
 .text.fifo_buffer_wait_block
                0x02002aa8       0x74 /opt/blocksds/core/libs/libnds/lib/libnds9.a(fifosystem.c.o)
 .text.fifoFillTxFifoFromBuffer
                0x02002b1c       0xa0 /opt/blocksds/core/libs/libnds/lib/libnds9.a(fifosystem.c.o)
 .text.fifoInternalSendInterrupt
                0x02002bbc        0x8 /opt/blocksds/core/libs/libnds/lib/libnds9.a(fifosystem.c.o)
 .text.fifoInternalSend
                0x02002bc4       0xd8 /opt/blocksds/core/libs/libnds/lib/libnds9.a(fifosystem.c.o)
 .text.fifoSendValue32
                0x02002c9c       0x3c /opt/blocksds/core/libs/libnds/lib/libnds9.a(fifosystem.c.o)
                0x02002c9c                fifoSendValue32
 .text.fifoGetDatamsg
                0x02002cd8       0xe0 /opt/blocksds/core/libs/libnds/lib/libnds9.a(fifosystem.c.o)
                0x02002cd8                fifoGetDatamsg
 .text.fifoReadRxFifoAndProcessBuffer
                0x02002db8      0x344 /opt/blocksds/core/libs/libnds/lib/libnds9.a(fifosystem.c.o)
 .text.fifoGetValue32
                0x020030fc       0x7c /opt/blocksds/core/libs/libnds/lib/libnds9.a(fifosystem.c.o)
                0x020030fc                fifoGetValue32
 .text.fifoInternalRecvInterrupt
                0x02003178        0x8 /opt/blocksds/core/libs/libnds/lib/libnds9.a(fifosystem.c.o)
 .text.fifoSetValue32Handler
                0x02003180       0x80 /opt/blocksds/core/libs/libnds/lib/libnds9.a(fifosystem.c.o)
                0x02003180                fifoSetValue32Handler
 .text.fifoSetDatamsgHandler
                0x02003200       0xa8 /opt/blocksds/core/libs/libnds/lib/libnds9.a(fifosystem.c.o)
                0x02003200                fifoSetDatamsgHandler
 .text.fifoInit
                0x020032a8      0x138 /opt/blocksds/core/libs/libnds/lib/libnds9.a(fifosystem.c.o)
                0x020032a8                fifoInit
 .text.cothread_delete_internal
                0x020033e0       0xa0 /opt/blocksds/core/libs/libnds/lib/libnds9.a(threads.c.o)
 .text.cothread_main
                0x02003480       0x1c /opt/blocksds/core/libs/libnds/lib/libnds9.a(threads.c.o)
                0x02003480                cothread_main
 .text.cothread_yield
                0x0200349c       0x20 /opt/blocksds/core/libs/libnds/lib/libnds9.a(threads.c.o)
                0x0200349c                cothread_yield
 .text.cothread_start
                0x020034bc      0x114 /opt/blocksds/core/libs/libnds/lib/libnds9.a(threads.c.o)
                0x020034bc                cothread_start
 .text.dmaSetParams
                0x020035d0       0x1c /opt/blocksds/core/libs/libnds/lib/libnds9.a(dma.s.o)
                0x020035d0                dmaSetParams
 .text.__aeabi_memcpy
                0x020035ec       0xc8 /opt/blocksds/core/libs/libnds/lib/libnds9.a(memcpy.s.o)
                0x020035ec                __aeabi_memcpy
                0x02003624                __aeabi_memcpy4
                0x02003624                __aeabi_memcpy8
                0x02003690                __ndsabi_memcpy2
 .text.__ndsabi_memcpy1
                0x020036b4       0x14 /opt/blocksds/core/libs/libnds/lib/libnds9.a(memcpy.s.o)
                0x020036b4                __ndsabi_memcpy1
 .text.memcpy   0x020036c8       0x10 /opt/blocksds/core/libs/libnds/lib/libnds9.a(memcpy.s.o)
                0x020036c8                memcpy
 .text.__ndsabi_coro_resume
                0x020036d8       0x18 /opt/blocksds/core/libs/libnds/lib/libnds9.a(coroutine.s.o)
                0x020036d8                __ndsabi_coro_resume
 .text.__ndsabi_coro_yield
                0x020036f0       0x1c /opt/blocksds/core/libs/libnds/lib/libnds9.a(coroutine.s.o)
                0x020036f0                __ndsabi_coro_yield
 .text.__ndsabi_coro_pop_noctx
                0x0200370c       0x34 /opt/blocksds/core/libs/libnds/lib/libnds9.a(coroutine.s.o)
                0x0200370c                __ndsabi_coro_pop_noctx
 .text.__aeabi_memset
                0x02003740       0x9c /opt/blocksds/core/libs/libnds/lib/libnds9.a(memset.s.o)
                0x02003740                __aeabi_memset
                0x02003764                __aeabi_memset8
                0x02003764                __aeabi_memset4
                0x02003770                __ndsabi_wordset4
                0x02003774                __ndsabi_lwordset4
 .text.__ndsabi_memset1
                0x020037dc       0x10 /opt/blocksds/core/libs/libnds/lib/libnds9.a(memset.s.o)
                0x020037dc                __ndsabi_memset1
 .text.memset   0x020037ec       0x1c /opt/blocksds/core/libs/libnds/lib/libnds9.a(memset.s.o)
                0x020037ec                memset
 .text.__aeabi_read_tp
                0x02003808        0xc /opt/blocksds/core/libs/libnds/lib/libnds9.a(aeabi_read_tp.s.o)
                0x02003808                __aeabi_read_tp
 .text.putc_buffered
                0x02003814       0x94 /opt/blocksds/core/libs/libnds/lib/libnds9.a(iob.c.o)
 .text.stderr_putc_buffered
                0x020038a8       0x20 /opt/blocksds/core/libs/libnds/lib/libnds9.a(iob.c.o)
 .text.stdout_putc_buffered
                0x020038c8       0x40 /opt/blocksds/core/libs/libnds/lib/libnds9.a(iob.c.o)
 .text.systemValueHandler
                0x02003908       0xc4 /opt/blocksds/core/libs/libnds/lib/libnds9.a(system.c.o)
                0x02003908                systemValueHandler
 .text.systemMsgHandler
                0x020039cc       0x2c /opt/blocksds/core/libs/libnds/lib/libnds9.a(system.c.o)
                0x020039cc                systemMsgHandler
 .text.releaseCrashHandler
                0x020039f8       0x7c /opt/blocksds/core/libs/libnds/lib/libnds9.a(exceptions.c.o)
 .text.exceptionStatePrint
                0x02003a74       0xf4 /opt/blocksds/core/libs/libnds/lib/libnds9.a(exceptions.c.o)
                0x02003a74                exceptionStatePrint
 .text.releaseExceptionHandler
                0x02003b68       0x10 /opt/blocksds/core/libs/libnds/lib/libnds9.a(exceptions.c.o)
                0x02003b68                releaseExceptionHandler
 .text.setExceptionHandler
                0x02003b78       0x18 /opt/blocksds/core/libs/libnds/lib/libnds9.a(exceptions.c.o)
                0x02003b78                setExceptionHandler
 .text.libndsCrash
                0x02003b90        0xc /opt/blocksds/core/libs/libnds/lib/libnds9.a(exceptions.c.o)
                0x02003b90                libndsCrash
 .text.__retarget_lock_acquire_recursive
                0x02003b9c       0x70 /opt/blocksds/core/libs/libnds/lib/libnds9.a(locks.c.o)
                0x02003b9c                __retarget_lock_acquire_recursive
 .text.__retarget_lock_release_recursive
                0x02003c0c       0x58 /opt/blocksds/core/libs/libnds/lib/libnds9.a(locks.c.o)
                0x02003c0c                __retarget_lock_release_recursive
 .text.__ndsabi_coro_make_noctx
                0x02003c64       0x28 /opt/blocksds/core/libs/libnds/lib/libnds9.a(coroutine.c.o)
                0x02003c64                __ndsabi_coro_make_noctx
 .text.enterException
                0x02003c8c       0xd4 /opt/blocksds/core/libs/libnds/lib/libnds9.a(exceptionHandler.s.o)
                0x02003c8c                enterException
                0x02003d00                exceptionC
                0x02003d04                exceptionStack
                0x02003d08                exceptionRegisters
 .text.getCPSR  0x02003d60        0x8 /opt/blocksds/core/libs/libnds/lib/libnds9.a(cpu.s.o)
                0x02003d60                getCPSR
 .text.__sassert
                0x02003d68       0x90 /opt/blocksds/core/libs/libnds/lib/libnds9.a(sassert.c.o)
                0x02003d68                __sassert
 .text.malloc_trim
                0x02003df8       0x9c /opt/wonderful/toolchain/gcc-arm-none-eabi/lib/gcc/arm-none-eabi/15.2.1/../../../../arm-none-eabi/lib/thumb/arm946e-s/libc.a(malloc-free.c.o)
                0x02003df8                malloc_trim
 .text.free     0x02003e94      0x164 /opt/wonderful/toolchain/gcc-arm-none-eabi/lib/gcc/arm-none-eabi/15.2.1/../../../../arm-none-eabi/lib/thumb/arm946e-s/libc.a(malloc-free.c.o)
                0x02003e94                __malloc_free
                0x02003e94                free
 .text.__libc_init_array
                0x02003ff8       0x1c /opt/wonderful/toolchain/gcc-arm-none-eabi/lib/gcc/arm-none-eabi/15.2.1/../../../../arm-none-eabi/lib/thumb/arm946e-s/libc.a(libc_misc_init.c.o)
                0x02003ff8                __libc_init_array
 .text.exit     0x02004014        0xe /opt/wonderful/toolchain/gcc-arm-none-eabi/lib/gcc/arm-none-eabi/15.2.1/../../../../arm-none-eabi/lib/thumb/arm946e-s/libc.a(libc_stdlib_pico-exit.c.o)
                0x02004014                exit
 .text.fflush   0x02004022       0x10 /opt/wonderful/toolchain/gcc-arm-none-eabi/lib/gcc/arm-none-eabi/15.2.1/../../../../arm-none-eabi/lib/thumb/arm946e-s/libc.a(libc_tinystdio_fflush.c.o)
                0x02004022                fflush
 *fill*         0x02004032        0x2 ff
 .text.printf   0x02004034       0x20 /opt/wonderful/toolchain/gcc-arm-none-eabi/lib/gcc/arm-none-eabi/15.2.1/../../../../arm-none-eabi/lib/thumb/arm946e-s/libc.a(libc_tinystdio_printf.c.o)
                0x02004034                printf
 .text.putchar  0x02004054       0x10 /opt/wonderful/toolchain/gcc-arm-none-eabi/lib/gcc/arm-none-eabi/15.2.1/../../../../arm-none-eabi/lib/thumb/arm946e-s/libc.a(libc_tinystdio_putchar.c.o)
                0x02004054                putchar
                0x02004054                putchar_unlocked
 .text.puts     0x02004064       0x44 /opt/wonderful/toolchain/gcc-arm-none-eabi/lib/gcc/arm-none-eabi/15.2.1/../../../../arm-none-eabi/lib/thumb/arm946e-s/libc.a(libc_tinystdio_puts.c.o)
                0x02004064                puts
 .text.setvbuf  0x020040a8       0x18 /opt/wonderful/toolchain/gcc-arm-none-eabi/lib/gcc/arm-none-eabi/15.2.1/../../../../arm-none-eabi/lib/thumb/arm946e-s/libc.a(libc_tinystdio_setvbuf.c.o)
                0x020040a8                setvbuf
 .text.__ultoa_invert
                0x020040c0       0x52 /opt/wonderful/toolchain/gcc-arm-none-eabi/lib/gcc/arm-none-eabi/15.2.1/../../../../arm-none-eabi/lib/thumb/arm946e-s/libc.a(libc_tinystdio_vfprintf.c.o)
 *fill*         0x02004112        0x2 ff
 .text.skip_to_arg
                0x02004114      0x13c /opt/wonderful/toolchain/gcc-arm-none-eabi/lib/gcc/arm-none-eabi/15.2.1/../../../../arm-none-eabi/lib/thumb/arm946e-s/libc.a(libc_tinystdio_vfprintf.c.o)
 .text.vfprintf
                0x02004250      0x9c4 /opt/wonderful/toolchain/gcc-arm-none-eabi/lib/gcc/arm-none-eabi/15.2.1/../../../../arm-none-eabi/lib/thumb/arm946e-s/libc.a(libc_tinystdio_vfprintf.c.o)
                0x02004250                __d_vfprintf
                0x02004250                vfprintf
 .text.vprintf  0x02004c14       0x14 /opt/wonderful/toolchain/gcc-arm-none-eabi/lib/gcc/arm-none-eabi/15.2.1/../../../../arm-none-eabi/lib/thumb/arm946e-s/libc.a(libc_tinystdio_vprintf.c.o)
                0x02004c14                vprintf
 .text.mulShiftAll64
                0x02004c28      0x202 /opt/wonderful/toolchain/gcc-arm-none-eabi/lib/gcc/arm-none-eabi/15.2.1/../../../../arm-none-eabi/lib/thumb/arm946e-s/libc.a(libc_tinystdio_dtoa_ryu.c.o)
 *fill*         0x02004e2a        0x2 ff
 .text.div10    0x02004e2c       0x28 /opt/wonderful/toolchain/gcc-arm-none-eabi/lib/gcc/arm-none-eabi/15.2.1/../../../../arm-none-eabi/lib/thumb/arm946e-s/libc.a(libc_tinystdio_dtoa_ryu.c.o)
 .text.__dtoa_engine
                0x02004e54      0x4b8 /opt/wonderful/toolchain/gcc-arm-none-eabi/lib/gcc/arm-none-eabi/15.2.1/../../../../arm-none-eabi/lib/thumb/arm946e-s/libc.a(libc_tinystdio_dtoa_ryu.c.o)
                0x02004e54                __dtoa_engine
 .text.__log10Pow2
                0x0200530c        0xc /opt/wonderful/toolchain/gcc-arm-none-eabi/lib/gcc/arm-none-eabi/15.2.1/../../../../arm-none-eabi/lib/thumb/arm946e-s/libc.a(libc_tinystdio_ryu_log10.c.o)
                0x0200530c                __log10Pow2
 .text.__log10Pow5
                0x02005318        0xc /opt/wonderful/toolchain/gcc-arm-none-eabi/lib/gcc/arm-none-eabi/15.2.1/../../../../arm-none-eabi/lib/thumb/arm946e-s/libc.a(libc_tinystdio_ryu_log10.c.o)
                0x02005318                __log10Pow5
 .text.__pow5bits
                0x02005324       0x10 /opt/wonderful/toolchain/gcc-arm-none-eabi/lib/gcc/arm-none-eabi/15.2.1/../../../../arm-none-eabi/lib/thumb/arm946e-s/libc.a(libc_tinystdio_ryu_pow5bits.c.o)
                0x02005324                __pow5bits
 .text.__pow5Factor
                0x02005334       0x2c /opt/wonderful/toolchain/gcc-arm-none-eabi/lib/gcc/arm-none-eabi/15.2.1/../../../../arm-none-eabi/lib/thumb/arm946e-s/libc.a(libc_tinystdio_ryu_table.c.o)
                0x02005334                __pow5Factor
 .text.__double_computePow5
                0x02005360      0x100 /opt/wonderful/toolchain/gcc-arm-none-eabi/lib/gcc/arm-none-eabi/15.2.1/../../../../arm-none-eabi/lib/thumb/arm946e-s/libc.a(libc_tinystdio_ryu_table.c.o)
                0x02005360                __double_computePow5
 .text.__double_computeInvPow5
                0x02005460       0xfc /opt/wonderful/toolchain/gcc-arm-none-eabi/lib/gcc/arm-none-eabi/15.2.1/../../../../arm-none-eabi/lib/thumb/arm946e-s/libc.a(libc_tinystdio_ryu_table.c.o)
                0x02005460                __double_computeInvPow5
 .text.__umul128
                0x0200555c       0x6c /opt/wonderful/toolchain/gcc-arm-none-eabi/lib/gcc/arm-none-eabi/15.2.1/../../../../arm-none-eabi/lib/thumb/arm946e-s/libc.a(libc_tinystdio_ryu_umul128.c.o)
                0x0200555c                __umul128
 .text.__shiftright128
                0x020055c8       0x28 /opt/wonderful/toolchain/gcc-arm-none-eabi/lib/gcc/arm-none-eabi/15.2.1/../../../../arm-none-eabi/lib/thumb/arm946e-s/libc.a(libc_tinystdio_ryu_umul128.c.o)
                0x020055c8                __shiftright128
 .text.__libc_fini_array
                0x020055f0       0x1c /opt/wonderful/toolchain/gcc-arm-none-eabi/lib/gcc/arm-none-eabi/15.2.1/../../../../arm-none-eabi/lib/thumb/arm946e-s/libc.a(libc_misc_fini.c.o)
                0x020055f0                __libc_fini_array
 .text.strnlen  0x0200560c       0x16 /opt/wonderful/toolchain/gcc-arm-none-eabi/lib/gcc/arm-none-eabi/15.2.1/../../../../arm-none-eabi/lib/thumb/arm946e-s/libc.a(libc_string_strnlen.c.o)
                0x0200560c                strnlen
 *fill*         0x02005622        0x2 ff
 .text.__dtox_engine
                0x02005624      0x128 /opt/wonderful/toolchain/gcc-arm-none-eabi/lib/gcc/arm-none-eabi/15.2.1/../../../../arm-none-eabi/lib/thumb/arm946e-s/libc.a(libc_tinystdio_dtox_engine.c.o)
                0x02005624                __dtox_engine
 .text.putc     0x0200574c       0x2c /opt/wonderful/toolchain/gcc-arm-none-eabi/lib/gcc/arm-none-eabi/15.2.1/../../../../arm-none-eabi/lib/thumb/arm946e-s/libc.a(libc_tinystdio_fputc.c.o)
                0x0200574c                putc_unlocked
                0x0200574c                putc
                0x0200574c                fputc
 .text.putc.__stub
                0x02005778       0x40 linker stubs
 *(EXCLUDE_FILE(*.twl*) .gnu.warning)
 *(EXCLUDE_FILE(*.twl*) .gnu.linkonce.t*)
 *(.glue_7)
 .glue_7        0x020057b8        0x0 linker stubs
 *(.glue_7t)
 .glue_7t       0x020057b8        0x0 linker stubs
                0x020057b8                        . = ALIGN (0x4)

.vfp11_veneer   0x020057b8        0x0
 .vfp11_veneer  0x020057b8        0x0 linker stubs

.v4_bx          0x020057b8        0x0
 .v4_bx         0x020057b8        0x0 linker stubs

.iplt           0x020057b8        0x0
 .iplt          0x020057b8        0x0 /opt/blocksds/core/sys/crts/ds_arm9_crt0.o

.fini           0x020057b8        0x8
 *(.fini)
 .fini          0x020057b8        0x8 /opt/wonderful/toolchain/gcc-arm-none-eabi/lib/gcc/arm-none-eabi/15.2.1/thumb/arm946e-s/crtn.o
                0x020057c0                        __text_end = .

.rodata         0x020057c0      0xc90
 *(EXCLUDE_FILE(*.twl*) .rodata)
 .rodata        0x020057c0       0x40 /opt/blocksds/core/libs/libnds/lib/libnds9.a(exceptions.c.o)
 .rodata        0x02005800      0x340 /opt/wonderful/toolchain/gcc-arm-none-eabi/lib/gcc/arm-none-eabi/15.2.1/../../../../arm-none-eabi/lib/thumb/arm946e-s/libc.a(libc_tinystdio_ryu_table.c.o)
 *all.rodata*(*)
 *(EXCLUDE_FILE(*.twl*) .roda)
 *(EXCLUDE_FILE(*.twl*) .rodata.*)
 .rodata.main.str1.4
                0x02005b40      0x31f build/ds_deyellow_test/source/main.c.o
                                 0x42 (size before relaxing)
 .rodata.print_top_screen.str1.4
                0x02005e5f        0x0 build/ds_deyellow_test/source/menu.c.o
                                 0xdf (size before relaxing)
 .rodata.print_settings_menu.str1.4
                0x02005e5f        0x0 build/ds_deyellow_test/source/menu.c.o
                                  0x8 (size before relaxing)
 .rodata.str1.4
                0x02005e5f        0x0 build/ds_deyellow_test/source/menu.c.o
                                 0x5f (size before relaxing)
 *fill*         0x02005e5f        0x1 ff
 .rodata.SETTING_ENTRIESS
                0x02005e60       0x30 build/ds_deyellow_test/source/menu.c.o
                0x02005e60                SETTING_ENTRIESS
 .rodata.con_write
                0x02005e90      0x118 /opt/blocksds/core/libs/libnds/lib/libnds9.a(console.c.o)
 .rodata.bgTransform
                0x02005fa8       0x20 /opt/blocksds/core/libs/libnds/lib/libnds9.a(background.c.o)
                0x02005fa8                bgTransform
 .rodata.bgScrollTable
                0x02005fc8       0x20 /opt/blocksds/core/libs/libnds/lib/libnds9.a(background.c.o)
                0x02005fc8                bgScrollTable
 .rodata.bgControl
                0x02005fe8       0x20 /opt/blocksds/core/libs/libnds/lib/libnds9.a(background.c.o)
                0x02005fe8                bgControl
 .rodata.SIN_LUT
                0x02006008      0x102 /opt/blocksds/core/libs/libnds/lib/libnds9.a(trig.c.o)
                0x02006008                SIN_LUT
 .rodata.fifoReadRxFifoAndProcessBuffer.str1.4
                0x0200610a        0x0 /opt/blocksds/core/libs/libnds/lib/libnds9.a(fifosystem.c.o)
                                 0x15 (size before relaxing)
 *fill*         0x0200610a        0x2 ff
 .rodata.__func__.0
                0x0200610c       0x19 /opt/blocksds/core/libs/libnds/lib/libnds9.a(threads.c.o)
 *fill*         0x02006125        0x3 ff
 .rodata.default_fontTiles
                0x02006128      0x300 /opt/blocksds/core/libs/libnds/lib/libnds9.a(default_font.png.o)
                0x02006128                default_fontTiles
 .rodata.stderr
                0x02006428        0x4 /opt/blocksds/core/libs/libnds/lib/libnds9.a(iob.c.o)
                0x02006428                stderr
 .rodata.stdout
                0x0200642c        0x4 /opt/blocksds/core/libs/libnds/lib/libnds9.a(iob.c.o)
                0x0200642c                stdout
 .rodata.systemValueHandler.str1.4
                0x02006430        0x0 /opt/blocksds/core/libs/libnds/lib/libnds9.a(system.c.o)
                                 0x2b (size before relaxing)
 .rodata.systemValueHandler
                0x02006430       0x10 /opt/blocksds/core/libs/libnds/lib/libnds9.a(system.c.o)
 .rodata.releaseCrashHandler.str1.4
                0x02006440        0x0 /opt/blocksds/core/libs/libnds/lib/libnds9.a(exceptions.c.o)
                                 0x33 (size before relaxing)
 .rodata.exceptionStatePrint.str1.4
                0x02006440        0x0 /opt/blocksds/core/libs/libnds/lib/libnds9.a(exceptions.c.o)
                                 0x58 (size before relaxing)
 .rodata.str1.4
                0x02006440        0x0 /opt/blocksds/core/libs/libnds/lib/libnds9.a(exceptions.c.o)
                                 0x40 (size before relaxing)
 .rodata.__retarget_lock_release_recursive.str1.4
                0x02006440        0x0 /opt/blocksds/core/libs/libnds/lib/libnds9.a(locks.c.o)
                                  0xd (size before relaxing)
 .rodata.__sassert.str1.4
                0x02006440        0x0 /opt/blocksds/core/libs/libnds/lib/libnds9.a(sassert.c.o)
                                 0x73 (size before relaxing)
 .rodata.str1.1
                0x02006440        0xf /opt/wonderful/toolchain/gcc-arm-none-eabi/lib/gcc/arm-none-eabi/15.2.1/../../../../arm-none-eabi/lib/thumb/arm946e-s/libc.a(libc_tinystdio_vfprintf.c.o)
 *(EXCLUDE_FILE(*.twl*) .gnu.linkonce.r*)
                0x02006450                        . = ALIGN (0x4)
 *fill*         0x0200644f        0x1 ff

.ARM.extab
 *(.ARM.extab* .gnu.linkonce.armextab.*)
                0x02006450                        __exidx_start = .

ARM.exidx       0x02006450        0x8
 *(.ARM.exidx* .gnu.linkonce.armexidx.*)
 .ARM.exidx     0x02006450        0x8 /opt/wonderful/toolchain/gcc-arm-none-eabi/lib/gcc/arm-none-eabi/15.2.1/thumb/arm946e-s/libgcc.a(_udivmoddi4.o)
                0x02006458                        __exidx_end = .
                0x02006458                        . = ALIGN (0x4)

.init_array     0x02006458        0x0
                [!provide]                        PROVIDE (__preinit_array_start = .)
                0x02006458                        PROVIDE (__bothinit_array_start = .)
 *(.preinit_array)
                [!provide]                        PROVIDE (__preinit_array_end = .)
                [!provide]                        PROVIDE (__init_array_start = .)
 *(SORT_BY_INIT_PRIORITY(.init_array.*) SORT_BY_INIT_PRIORITY(.ctors.*))
 *(.init_array EXCLUDE_FILE(*crtend?.o *crtend.o *crtbegin?.o *crtbegin.o) .ctors)
                [!provide]                        PROVIDE (__init_array_end = .)
                0x02006458                        PROVIDE (__bothinit_array_end = .)

.fini_array     0x02006458        0x0
                0x02006458                        PROVIDE (__fini_array_start = .)
 *(SORT_BY_INIT_PRIORITY(.fini_array.*) SORT_BY_INIT_PRIORITY(.dtors.*))
 *(.fini_array EXCLUDE_FILE(*crtend?.o *crtend.o *crtbegin?.o *crtbegin.o) .dtors)
 *(.fini_array*)
                0x02006458                        PROVIDE (__fini_array_end = .)

.ctors          0x02006458        0x0
 *crtbegin.o(.ctors)
 *crtbegin?.o(.ctors)
 *(EXCLUDE_FILE(*crtend?.o *crtend.o) .ctors)
 *(SORT_BY_NAME(.ctors.*))
 *(.ctors)
                0x02006458                        . = ALIGN (0x4)

.dtors          0x02006458        0x0
 *crtbegin.o(.dtors)
 *crtbegin?.o(.dtors)
 *(EXCLUDE_FILE(*crtend?.o *crtend.o) .dtors)
 *(SORT_BY_NAME(.dtors.*))
 *(.dtors)
                0x02006458                        . = ALIGN (0x4)

.eh_frame       0x02006458        0x4
 *(.eh_frame)
 .eh_frame      0x02006458        0x4 /opt/wonderful/toolchain/gcc-arm-none-eabi/lib/gcc/arm-none-eabi/15.2.1/thumb/arm946e-s/crtend.o
                0x0200645c                        . = ALIGN (0x4)

.rel.dyn        0x0200645c        0x0
 .rel.iplt      0x0200645c        0x0 /opt/blocksds/core/sys/crts/ds_arm9_crt0.o

.gcc_except_table
                0x0200645c        0x0
 *(.gcc_except_table .gcc_except_table.*)
                0x0200645c                        . = ALIGN (0x4)

.got            0x0200645c       0x10
 *(.got.plt)
 .got.plt       0x0200645c        0xc /opt/blocksds/core/sys/crts/ds_arm9_crt0.o
                0x0200645c                _GLOBAL_OFFSET_TABLE_
 *(.got)
 .got           0x02006468        0x4 /opt/blocksds/core/sys/crts/ds_arm9_crt0.o
 *(.rel.got)
 .rel.got       0x0200646c        0x0 /opt/blocksds/core/sys/crts/ds_arm9_crt0.o

.ewram          0x0200646c        0x0
                0x0200646c                        __ewram_start = ABSOLUTE (.)
 *(.ewram)
 *ewram.*(.text)
                0x0200646c                        . = ALIGN (0x4)

.data           0x0200646c      0x468
                0x0200646c                        __data_start = ABSOLUTE (.)
 *(EXCLUDE_FILE(*.twl*) .data)
 .data          0x0200646c       0x28 /opt/blocksds/core/libs/libnds/lib/libnds9.a(mpu_setup.s.o)
 .data          0x02006494      0x410 /opt/wonderful/toolchain/gcc-arm-none-eabi/lib/gcc/arm-none-eabi/15.2.1/../../../../arm-none-eabi/lib/thumb/arm946e-s/libc.a(malloc-malloc.c.o)
                0x02006494                __malloc_sbrk_base
                0x02006498                __malloc_trim_threshold
                0x0200649c                __malloc_av_
 *(EXCLUDE_FILE(*.twl*) .data.*)
 .data.firstConsoleInit.0
                0x020068a4        0x1 /opt/blocksds/core/libs/libnds/lib/libnds9.a(console.c.o)
 *fill*         0x020068a5        0x3 ff
 .data.currentConsole
                0x020068a8        0x4 /opt/blocksds/core/libs/libnds/lib/libnds9.a(console.c.o)
 .data.count    0x020068ac        0x1 /opt/blocksds/core/libs/libnds/lib/libnds9.a(keys.c.o)
 .data.repeat   0x020068ad        0x1 /opt/blocksds/core/libs/libnds/lib/libnds9.a(keys.c.o)
 .data.delay    0x020068ae        0x1 /opt/blocksds/core/libs/libnds/lib/libnds9.a(keys.c.o)
 *fill*         0x020068af        0x1 ff
 .data.latchedArm7Buttons
                0x020068b0        0x2 /opt/blocksds/core/libs/libnds/lib/libnds9.a(keys.c.o)
 .data.receivedArm7Buttons
                0x020068b2        0x2 /opt/blocksds/core/libs/libnds/lib/libnds9.a(keys.c.o)
 .data.__stderr
                0x020068b4       0x10 /opt/blocksds/core/libs/libnds/lib/libnds9.a(iob.c.o)
 .data.__stdout
                0x020068c4       0x10 /opt/blocksds/core/libs/libnds/lib/libnds9.a(iob.c.o)
 *(EXCLUDE_FILE(*.twl*) .gnu.linkonce.d*)
                0x020068d4                        . = ALIGN (0x4)

.igot.plt       0x020068d4        0x0
 .igot.plt      0x020068d4        0x0 /opt/blocksds/core/sys/crts/ds_arm9_crt0.o

.tdata          0x020068d4        0x0
                0x020068d4                        __tdata_start = ABSOLUTE (.)
 *(.tdata .tdata.* .gnu.linkonce.td.*)
                0x020068d4                        . = ALIGN (0x4)
                0x020068d4                        __tdata_end = ABSOLUTE (.)
                0x020068d4                        __data_end = .
                0x00000000                        __tdata_size = (__tdata_end - __tdata_start)

.tbss           0x020068d4        0x4
                0x020068d4                        __tbss_start = ABSOLUTE (.)
 *(.tbss .tbss.* .gnu.linkonce.tb.*)
 .tbss          0x020068d4        0x4 /opt/wonderful/toolchain/gcc-arm-none-eabi/lib/gcc/arm-none-eabi/15.2.1/../../../../arm-none-eabi/lib/thumb/arm946e-s/libc.a(libc_errno_errno.c.o)
                0x020068d4                errno
 *(.tcommon)
                0x020068d8                        . = ALIGN (0x4)
                0x020068d8                        __tbss_end = ABSOLUTE (.)
                0x00000004                        __tbss_size = (__tbss_end - __tbss_start)
                0x020068d4                        __bss_vma = .

.dtcm           0x02ff0000        0x0 load address 0x020068d4
                0x020068d4                        __dtcm_lma = LOADADDR (.dtcm)
 *(.dtcm)
 *(.dtcm.*)
                0x02ff0000                        . = ALIGN (0x4)
                0x02ff0000                        __dtcm_end = ABSOLUTE (.)

.itcm           0x01000000      0x458 load address 0x020068d4
                0x020068d4                        __itcm_lma = LOADADDR (.itcm)
                0x01000000                        __itcm_start = ABSOLUTE (.)
 *(.vectors .vectors.*)
 *(.itcm)
 *(.itcm.*)
 .itcm.text     0x01000000       0x8c /opt/blocksds/core/libs/libnds/lib/libnds9.a(cache.c.o)
                0x01000000                CP15_CleanAndFlushDCacheRange
                0x01000034                CP15_FlushDCacheRange
                0x01000060                CP15_FlushICacheRange
 .itcm.text     0x0100008c       0x90 /opt/blocksds/core/libs/libnds/lib/libnds9.a(swiIntrWait.c.o)
                0x0100008c                swiIntrWait
                0x01000110                swiWaitForVBlank
 .itcm.data     0x0100011c       0x80 /opt/blocksds/core/libs/libnds/lib/libnds9.a(interrupts.c.o)
                0x0100011c                irqTable
 .itcm.text     0x0100019c       0xc0 /opt/blocksds/core/libs/libnds/lib/libnds9.a(threads.c.o)
                0x0100019c                cothread_yield_signal
                0x010001e4                cothread_send_signal
 .itcm.data     0x0100025c        0x4 /opt/blocksds/core/libs/libnds/lib/libnds9.a(threads.c.o)
                0x0100025c                __tls
 .itcm.bss      0x01000260       0x8c /opt/blocksds/core/libs/libnds/lib/libnds9.a(threads.c.o)
                0x01000260                cothread_threads_waiting_count
                0x01000264                cothread_threads_count
                0x01000268                cothread_list_signal
                0x0100026c                cothread_list_irq
 .itcm.setCpuClock
                0x010002ec       0x50 /opt/blocksds/core/libs/libnds/lib/libnds9.a(cpu_clock.s.o)
                0x010002ec                setCpuClock
 .itcm.IntrMain
                0x0100033c      0x110 /opt/blocksds/core/libs/libnds/lib/libnds9.a(interruptDispatcher.s.o)
                0x0100033c                IntrMain
                0x01000448                irq_nesting_level
 *fill*         0x0100044c        0x4 ff
 .itcm.IntrMain.__stub
                0x01000450        0x8 linker stubs
 *.itcm*(.text .stub .text.*)
                0x01000458                        . = ALIGN (0x4)
                0x01000458                        __itcm_end = ABSOLUTE (.)

.sbss           0x02ff0000        0x0
                0x02ff0000                        __sbss_start = ABSOLUTE (.)
                0x02ff0000                        __sbss_start__ = ABSOLUTE (.)
 *(.sbss)
 *(.sbss.*)
                0x02ff0000                        . = ALIGN (0x4)
                0x02ff0000                        __sbss_end = ABSOLUTE (.)

.bss            0x020068d4      0xcc8
                0x020068d4                        __bss_start = ABSOLUTE (.)
                0x020068d4                        __bss_start__ = ABSOLUTE (.)
 *(EXCLUDE_FILE(*.twl*) .dynbss)
 *(EXCLUDE_FILE(*.twl*) .gnu.linkonce.b*)
 *(EXCLUDE_FILE(*.twl*) .bss*)
 .bss.arm7console
                0x020068d4        0x4 /opt/blocksds/core/libs/libnds/lib/libnds9.a(console.c.o)
 .bss.arm7con   0x020068d8        0x4 /opt/blocksds/core/libs/libnds/lib/libnds9.a(console.c.o)
 .bss.libnds_stderr_write
                0x020068dc        0x4 /opt/blocksds/core/libs/libnds/lib/libnds9.a(console.c.o)
                0x020068dc                libnds_stderr_write
 .bss.libnds_stdout_write
                0x020068e0        0x4 /opt/blocksds/core/libs/libnds/lib/libnds9.a(console.c.o)
                0x020068e0                libnds_stdout_write
 .bss.currentCopy
                0x020068e4       0x40 /opt/blocksds/core/libs/libnds/lib/libnds9.a(console.c.o)
 .bss.keysrepeat
                0x02006924        0x2 /opt/blocksds/core/libs/libnds/lib/libnds9.a(keys.c.o)
 .bss.keysup    0x02006926        0x2 /opt/blocksds/core/libs/libnds/lib/libnds9.a(keys.c.o)
 .bss.keysdown  0x02006928        0x2 /opt/blocksds/core/libs/libnds/lib/libnds9.a(keys.c.o)
 .bss.keys      0x0200692a        0x2 /opt/blocksds/core/libs/libnds/lib/libnds9.a(keys.c.o)
 .bss.latchedTouchPosition
                0x0200692c        0xc /opt/blocksds/core/libs/libnds/lib/libnds9.a(keys.c.o)
 .bss.receivedTouchPosition
                0x02006938        0xc /opt/blocksds/core/libs/libnds/lib/libnds9.a(keys.c.o)
 .bss.punixTime
                0x02006944        0x4 /opt/blocksds/core/libs/libnds/lib/libnds9.a(initSystem.c.o)
                0x02006944                punixTime
 .bss.__debugger_unit
                0x02006948        0x1 /opt/blocksds/core/libs/libnds/lib/libnds9.a(initSystem.c.o)
                0x02006948                __debugger_unit
 .bss.__dsimode
                0x02006949        0x1 /opt/blocksds/core/libs/libnds/lib/libnds9.a(initSystem.c.o)
                0x02006949                __dsimode
 *fill*         0x0200694a        0x2 
 .bss.bgIsTextLut
                0x0200694c        0x8 /opt/blocksds/core/libs/libnds/lib/libnds9.a(background.c.o)
                0x0200694c                bgIsTextLut
 .bss.bgState   0x02006954      0x140 /opt/blocksds/core/libs/libnds/lib/libnds9.a(background.c.o)
                0x02006954                bgState
 .bss.heap_start
                0x02006a94        0x4 /opt/blocksds/core/libs/libnds/lib/libnds9.a(sbrk.c.o)
 .bss.fake_heap_start
                0x02006a98        0x4 /opt/blocksds/core/libs/libnds/lib/libnds9.a(sbrk.c.o)
                0x02006a98                fake_heap_start
 .bss.fake_heap_end
                0x02006a9c        0x4 /opt/blocksds/core/libs/libnds/lib/libnds9.a(sbrk.c.o)
                0x02006a9c                fake_heap_end
 .bss.fifo_rx_processing
                0x02006aa0        0x1 /opt/blocksds/core/libs/libnds/lib/libnds9.a(fifosystem.c.o)
 *fill*         0x02006aa1        0x3 
 .bss.fifo_datamsg_data
                0x02006aa4       0x40 /opt/blocksds/core/libs/libnds/lib/libnds9.a(fifosystem.c.o)
 .bss.fifo_value32_data
                0x02006ae4       0x40 /opt/blocksds/core/libs/libnds/lib/libnds9.a(fifosystem.c.o)
 .bss.fifo_address_data
                0x02006b24       0x40 /opt/blocksds/core/libs/libnds/lib/libnds9.a(fifosystem.c.o)
 .bss.fifo_datamsg_func
                0x02006b64       0x40 /opt/blocksds/core/libs/libnds/lib/libnds9.a(fifosystem.c.o)
 .bss.fifo_value32_func
                0x02006ba4       0x40 /opt/blocksds/core/libs/libnds/lib/libnds9.a(fifosystem.c.o)
 .bss.fifo_address_func
                0x02006be4       0x40 /opt/blocksds/core/libs/libnds/lib/libnds9.a(fifosystem.c.o)
 .bss.fifo_rx_queue
                0x02006c24        0x4 /opt/blocksds/core/libs/libnds/lib/libnds9.a(fifosystem.c.o)
 .bss.fifo_tx_queue
                0x02006c28        0x4 /opt/blocksds/core/libs/libnds/lib/libnds9.a(fifosystem.c.o)
 .bss.fifo_free_queue
                0x02006c2c        0x4 /opt/blocksds/core/libs/libnds/lib/libnds9.a(fifosystem.c.o)
 .bss.fifo_value32_queue
                0x02006c30       0x40 /opt/blocksds/core/libs/libnds/lib/libnds9.a(fifosystem.c.o)
 .bss.fifo_data_queue
                0x02006c70       0x40 /opt/blocksds/core/libs/libnds/lib/libnds9.a(fifosystem.c.o)
 .bss.fifo_address_queue
                0x02006cb0       0x40 /opt/blocksds/core/libs/libnds/lib/libnds9.a(fifosystem.c.o)
 .bss.global_pool_free_words
                0x02006cf0        0x4 /opt/blocksds/core/libs/libnds/lib/libnds9.a(fifosystem.c.o)
 .bss.global_fifo_pool
                0x02006cf4      0x800 /opt/blocksds/core/libs/libnds/lib/libnds9.a(fifosystem.c.o)
 .bss.main_args
                0x020074f4        0x8 /opt/blocksds/core/libs/libnds/lib/libnds9.a(threads.c.o)
 .bss.cothread_list
                0x020074fc       0x20 /opt/blocksds/core/libs/libnds/lib/libnds9.a(threads.c.o)
 .bss.cothread_active_thread
                0x0200751c        0x4 /opt/blocksds/core/libs/libnds/lib/libnds9.a(threads.c.o)
 .bss.free_fn   0x02007520        0x4 /opt/blocksds/core/libs/libnds/lib/libnds9.a(threads.c.o)
 .bss.stderr_buf_len
                0x02007524        0x2 /opt/blocksds/core/libs/libnds/lib/libnds9.a(iob.c.o)
 .bss.stdout_buf_len
                0x02007526        0x2 /opt/blocksds/core/libs/libnds/lib/libnds9.a(iob.c.o)
 .bss.stderr_buf
                0x02007528       0x11 /opt/blocksds/core/libs/libnds/lib/libnds9.a(iob.c.o)
 *fill*         0x02007539        0x3 
 .bss.stdout_buf
                0x0200753c       0x11 /opt/blocksds/core/libs/libnds/lib/libnds9.a(iob.c.o)
 *fill*         0x0200754d        0x3 
 .bss.SDcallback
                0x02007550        0x4 /opt/blocksds/core/libs/libnds/lib/libnds9.a(system.c.o)
 .bss.exceptionMsg
                0x02007554        0x4 /opt/blocksds/core/libs/libnds/lib/libnds9.a(exceptions.c.o)
                0x02007554                exceptionMsg
 .bss.__lock___libc_recursive_mutex
                0x02007558       0x10 /opt/blocksds/core/libs/libnds/lib/libnds9.a(locks.c.o)
                0x02007558                __lock___libc_recursive_mutex
 .bss           0x02007568       0x34 /opt/wonderful/toolchain/gcc-arm-none-eabi/lib/gcc/arm-none-eabi/15.2.1/../../../../arm-none-eabi/lib/thumb/arm946e-s/libc.a(malloc-malloc.c.o)
                0x02007568                __malloc_top_pad
                0x0200756c                __malloc_current_mallinfo
                0x02007594                __malloc_max_sbrked_mem
                0x02007598                __malloc_max_total_mem
 *(EXCLUDE_FILE(*.twl*) COMMON)
                0x0200759c                        . = ALIGN (0x4)
                0x0200759c                        __bss_end__ = ABSOLUTE (.)

.noinit         0x0200759c        0x0
                0x0200759c                        __noinit_start = ABSOLUTE (.)
 *(EXCLUDE_FILE(*.twl*) .noinit)
 *(EXCLUDE_FILE(*.twl*) .noinit.*)
 *(EXCLUDE_FILE(*.twl*) .gnu.linkonce.n.*)
                0x0200759c                        . = ALIGN (0x4)
                0x0200759c                        __noinit_end = ABSOLUTE (.)

.tls            0x0200759c        0x4
                0x0200759c                        __tls_start = ABSOLUTE (.)
                0x020075a0                        . = ((. + __tdata_size) + __tbss_size)
 *fill*         0x0200759c        0x4 
                0x020075a0                        __tls_end = ABSOLUTE (.)
                0x020075a0                        __end__ = ABSOLUTE (.)
                0x00000004                        __tls_size = (__tls_end - __tls_start)

.twl            0x020075a0        0x0 load address 0x02400000
                0x02400000                        __arm9i_lma__ = LOADADDR (.twl)
                0x020075a0                        __arm9i_start__ = ABSOLUTE (.)
 *(.twl)
 *(.twl.text .twl.text.*)
 *(.twl.rodata .twl.rodata.*)
 *(.twl.data .twl.data.*)
 *.twl*(.text .stub .text.* .gnu.linkonce.t.*)
 *.twl*(.rodata)
 *.twl*(.roda)
 *.twl*(.rodata.*)
 *.twl*(.data)
 *.twl*(.data.*)
 *.twl*(.gnu.linkonce.d*)
                0x020075a0                        __arm9i_end__ = ABSOLUTE (.)

.twl_bss        0x020075a0        0x0
                0x020075a0                        __twl_bss_start__ = ABSOLUTE (.)
 *(.twl_bss .twl_bss.*)
 *(.twl.bss .twl.bss.*)
 *.twl*(.dynbss)
 *.twl*(.gnu.linkonce.b*)
 *.twl*(.bss*)
 *.twl*(COMMON)
                0x020075a0                        . = ALIGN (0x4)
                0x020075a0                        __twl_bss_end__ = ABSOLUTE (.)

.twl_noinit     0x020075a0        0x0
                0x020075a0                        __twl_noinit_start__ = ABSOLUTE (.)
 *(.twl_noinit .twl_noinit.*)
 *(.twl.noinit .twl.noinit.*)
 *.twl*(.noinit)
 *.twl*(.noinit.*)
 *.twl*(.gnu.linkonce.n.*)
                0x020075a0                        . = ALIGN (0x4)
                0x020075a0                        __twl_noinit_end__ = ABSOLUTE (.)
                0x020075a0                        __twl_end__ = ABSOLUTE (.)
                0x00000458                        __itcm_size = (__itcm_end - __itcm_start)
                0x00000000                        __dtcm_size = (__dtcm_end - __dtcm_data_start)
                0x00000000                        __arm9i_size__ = (__arm9i_end__ - __arm9i_start__)
                0x00000cc8                        __bss_size__ = (__bss_end__ - __bss_start__)
                0x00000000                        __sbss_size = (__sbss_end - __sbss_start)
                0x00000000                        __twl_bss_size__ = (__twl_bss_end__ - __twl_bss_start__)

.stab
 *(.stab)

.stabstr
 *(.stabstr)

.stab.excl
 *(.stab.excl)

.stab.exclstr
 *(.stab.exclstr)

.stab.index
 *(.stab.index)

.stab.indexstr
 *(.stab.indexstr)

.comment        0x00000000       0x2b
 *(.comment)
 .comment       0x00000000       0x2b build/ds_deyellow_test/source/main.c.o
                                 0x2c (size before relaxing)
 .comment       0x0000002b        0x0 build/ds_deyellow_test/source/menu.c.o
                                 0x2c (size before relaxing)
 .comment       0x0000002b        0x0 /opt/blocksds/core/libs/libnds/lib/libnds9.a(crt0_argv.c.o)
                                 0x2c (size before relaxing)
 .comment       0x0000002b        0x0 /opt/blocksds/core/libs/libnds/lib/libnds9.a(console.c.o)
                                 0x2c (size before relaxing)
 .comment       0x0000002b        0x0 /opt/blocksds/core/libs/libnds/lib/libnds9.a(securearea.c.o)
                                 0x2c (size before relaxing)
 .comment       0x0000002b        0x0 /opt/blocksds/core/libs/libnds/lib/libnds9.a(cache.c.o)
                                 0x2c (size before relaxing)
 .comment       0x0000002b        0x0 /opt/blocksds/core/libs/libnds/lib/libnds9.a(keys.c.o)
                                 0x2c (size before relaxing)
 .comment       0x0000002b        0x0 /opt/blocksds/core/libs/libnds/lib/libnds9.a(initSystem.c.o)
                                 0x2c (size before relaxing)
 .comment       0x0000002b        0x0 /opt/blocksds/core/libs/libnds/lib/libnds9.a(background.c.o)
                                 0x2c (size before relaxing)
 .comment       0x0000002b        0x0 /opt/blocksds/core/libs/libnds/lib/libnds9.a(video.c.o)
                                 0x2c (size before relaxing)
 .comment       0x0000002b        0x0 /opt/blocksds/core/libs/libnds/lib/libnds9.a(trig.c.o)
                                 0x2c (size before relaxing)
 .comment       0x0000002b        0x0 /opt/blocksds/core/libs/libnds/lib/libnds9.a(swiIntrWait.c.o)
                                 0x2c (size before relaxing)
 .comment       0x0000002b        0x0 /opt/blocksds/core/libs/libnds/lib/libnds9.a(interrupts.c.o)
                                 0x2c (size before relaxing)
 .comment       0x0000002b        0x0 /opt/blocksds/core/libs/libnds/lib/libnds9.a(sbrk.c.o)
                                 0x2c (size before relaxing)
 .comment       0x0000002b        0x0 /opt/blocksds/core/libs/libnds/lib/libnds9.a(exit.c.o)
                                 0x2c (size before relaxing)
 .comment       0x0000002b        0x0 /opt/blocksds/core/libs/libnds/lib/libnds9.a(heapfuncs.c.o)
                                 0x2c (size before relaxing)
 .comment       0x0000002b        0x0 /opt/blocksds/core/libs/libnds/lib/libnds9.a(fifosystem.c.o)
                                 0x2c (size before relaxing)
 .comment       0x0000002b        0x0 /opt/blocksds/core/libs/libnds/lib/libnds9.a(threads.c.o)
                                 0x2c (size before relaxing)
 .comment       0x0000002b        0x0 /opt/blocksds/core/libs/libnds/lib/libnds9.a(default_font.png.o)
                                 0x2c (size before relaxing)
 .comment       0x0000002b        0x0 /opt/blocksds/core/libs/libnds/lib/libnds9.a(iob.c.o)
                                 0x2c (size before relaxing)
 .comment       0x0000002b        0x0 /opt/blocksds/core/libs/libnds/lib/libnds9.a(system.c.o)
                                 0x2c (size before relaxing)
 .comment       0x0000002b        0x0 /opt/blocksds/core/libs/libnds/lib/libnds9.a(exceptions.c.o)
                                 0x2c (size before relaxing)
 .comment       0x0000002b        0x0 /opt/blocksds/core/libs/libnds/lib/libnds9.a(exceptions.c.o)
                                 0x2c (size before relaxing)
 .comment       0x0000002b        0x0 /opt/blocksds/core/libs/libnds/lib/libnds9.a(locks.c.o)
                                 0x2c (size before relaxing)
 .comment       0x0000002b        0x0 /opt/blocksds/core/libs/libnds/lib/libnds9.a(coroutine.c.o)
                                 0x2c (size before relaxing)
 .comment       0x0000002b        0x0 /opt/blocksds/core/libs/libnds/lib/libnds9.a(sassert.c.o)
                                 0x2c (size before relaxing)
 .comment       0x0000002b        0x0 /opt/wonderful/toolchain/gcc-arm-none-eabi/lib/gcc/arm-none-eabi/15.2.1/../../../../arm-none-eabi/lib/thumb/arm946e-s/libc.a(malloc-free.c.o)
                                 0x2c (size before relaxing)
 .comment       0x0000002b        0x0 /opt/wonderful/toolchain/gcc-arm-none-eabi/lib/gcc/arm-none-eabi/15.2.1/../../../../arm-none-eabi/lib/thumb/arm946e-s/libc.a(malloc-malloc.c.o)
                                 0x2c (size before relaxing)
 .comment       0x0000002b        0x0 /opt/wonderful/toolchain/gcc-arm-none-eabi/lib/gcc/arm-none-eabi/15.2.1/../../../../arm-none-eabi/lib/thumb/arm946e-s/libc.a(libc_errno_errno.c.o)
                                 0x2c (size before relaxing)
 .comment       0x0000002b        0x0 /opt/wonderful/toolchain/gcc-arm-none-eabi/lib/gcc/arm-none-eabi/15.2.1/../../../../arm-none-eabi/lib/thumb/arm946e-s/libc.a(libc_misc_init.c.o)
                                 0x2c (size before relaxing)
 .comment       0x0000002b        0x0 /opt/wonderful/toolchain/gcc-arm-none-eabi/lib/gcc/arm-none-eabi/15.2.1/../../../../arm-none-eabi/lib/thumb/arm946e-s/libc.a(libc_stdlib_pico-exit.c.o)
                                 0x2c (size before relaxing)
 .comment       0x0000002b        0x0 /opt/wonderful/toolchain/gcc-arm-none-eabi/lib/gcc/arm-none-eabi/15.2.1/../../../../arm-none-eabi/lib/thumb/arm946e-s/libc.a(libc_tinystdio_fflush.c.o)
                                 0x2c (size before relaxing)
 .comment       0x0000002b        0x0 /opt/wonderful/toolchain/gcc-arm-none-eabi/lib/gcc/arm-none-eabi/15.2.1/../../../../arm-none-eabi/lib/thumb/arm946e-s/libc.a(libc_tinystdio_printf.c.o)
                                 0x2c (size before relaxing)
 .comment       0x0000002b        0x0 /opt/wonderful/toolchain/gcc-arm-none-eabi/lib/gcc/arm-none-eabi/15.2.1/../../../../arm-none-eabi/lib/thumb/arm946e-s/libc.a(libc_tinystdio_putchar.c.o)
                                 0x2c (size before relaxing)
 .comment       0x0000002b        0x0 /opt/wonderful/toolchain/gcc-arm-none-eabi/lib/gcc/arm-none-eabi/15.2.1/../../../../arm-none-eabi/lib/thumb/arm946e-s/libc.a(libc_tinystdio_puts.c.o)
                                 0x2c (size before relaxing)
 .comment       0x0000002b        0x0 /opt/wonderful/toolchain/gcc-arm-none-eabi/lib/gcc/arm-none-eabi/15.2.1/../../../../arm-none-eabi/lib/thumb/arm946e-s/libc.a(libc_tinystdio_setvbuf.c.o)
                                 0x2c (size before relaxing)
 .comment       0x0000002b        0x0 /opt/wonderful/toolchain/gcc-arm-none-eabi/lib/gcc/arm-none-eabi/15.2.1/../../../../arm-none-eabi/lib/thumb/arm946e-s/libc.a(libc_tinystdio_vfprintf.c.o)
                                 0x2c (size before relaxing)
 .comment       0x0000002b        0x0 /opt/wonderful/toolchain/gcc-arm-none-eabi/lib/gcc/arm-none-eabi/15.2.1/../../../../arm-none-eabi/lib/thumb/arm946e-s/libc.a(libc_tinystdio_vprintf.c.o)
                                 0x2c (size before relaxing)
 .comment       0x0000002b        0x0 /opt/wonderful/toolchain/gcc-arm-none-eabi/lib/gcc/arm-none-eabi/15.2.1/../../../../arm-none-eabi/lib/thumb/arm946e-s/libc.a(libc_tinystdio_dtoa_ryu.c.o)
                                 0x2c (size before relaxing)
 .comment       0x0000002b        0x0 /opt/wonderful/toolchain/gcc-arm-none-eabi/lib/gcc/arm-none-eabi/15.2.1/../../../../arm-none-eabi/lib/thumb/arm946e-s/libc.a(libc_tinystdio_ryu_log10.c.o)
                                 0x2c (size before relaxing)
 .comment       0x0000002b        0x0 /opt/wonderful/toolchain/gcc-arm-none-eabi/lib/gcc/arm-none-eabi/15.2.1/../../../../arm-none-eabi/lib/thumb/arm946e-s/libc.a(libc_tinystdio_ryu_pow5bits.c.o)
                                 0x2c (size before relaxing)
 .comment       0x0000002b        0x0 /opt/wonderful/toolchain/gcc-arm-none-eabi/lib/gcc/arm-none-eabi/15.2.1/../../../../arm-none-eabi/lib/thumb/arm946e-s/libc.a(libc_tinystdio_ryu_table.c.o)
                                 0x2c (size before relaxing)
 .comment       0x0000002b        0x0 /opt/wonderful/toolchain/gcc-arm-none-eabi/lib/gcc/arm-none-eabi/15.2.1/../../../../arm-none-eabi/lib/thumb/arm946e-s/libc.a(libc_tinystdio_ryu_umul128.c.o)
                                 0x2c (size before relaxing)
 .comment       0x0000002b        0x0 /opt/wonderful/toolchain/gcc-arm-none-eabi/lib/gcc/arm-none-eabi/15.2.1/../../../../arm-none-eabi/lib/thumb/arm946e-s/libc.a(libc_misc_fini.c.o)
                                 0x2c (size before relaxing)
 .comment       0x0000002b        0x0 /opt/wonderful/toolchain/gcc-arm-none-eabi/lib/gcc/arm-none-eabi/15.2.1/../../../../arm-none-eabi/lib/thumb/arm946e-s/libc.a(libc_string_strnlen.c.o)
                                 0x2c (size before relaxing)
 .comment       0x0000002b        0x0 /opt/wonderful/toolchain/gcc-arm-none-eabi/lib/gcc/arm-none-eabi/15.2.1/../../../../arm-none-eabi/lib/thumb/arm946e-s/libc.a(libc_tinystdio_dtox_engine.c.o)
                                 0x2c (size before relaxing)
 .comment       0x0000002b        0x0 /opt/wonderful/toolchain/gcc-arm-none-eabi/lib/gcc/arm-none-eabi/15.2.1/../../../../arm-none-eabi/lib/thumb/arm946e-s/libc.a(libc_tinystdio_fputc.c.o)
                                 0x2c (size before relaxing)
 .comment       0x0000002b        0x0 /opt/wonderful/toolchain/gcc-arm-none-eabi/lib/gcc/arm-none-eabi/15.2.1/thumb/arm946e-s/libgcc.a(_udivmoddi4.o)
                                 0x2c (size before relaxing)
 .comment       0x0000002b        0x0 /opt/wonderful/toolchain/gcc-arm-none-eabi/lib/gcc/arm-none-eabi/15.2.1/thumb/arm946e-s/crtend.o
                                 0x2c (size before relaxing)

.gnu.build.attributes
 *(.gnu.build.attributes .gnu.build.attributes.*)

.debug
 *(.debug)

.line
 *(.line)

.debug_srcinfo
 *(.debug_srcinfo)

.debug_sfnames
 *(.debug_sfnames)

.debug_aranges  0x00000000      0xf38
 *(.debug_aranges)
 .debug_aranges
                0x00000000       0x20 /opt/blocksds/core/sys/crts/ds_arm9_crt0.o
 .debug_aranges
                0x00000020       0x48 /opt/blocksds/core/libs/libnds/lib/libnds9.a(mpu_setup.s.o)
 .debug_aranges
                0x00000068      0x1b0 /opt/blocksds/core/libs/libnds/lib/libnds9.a(cp15.s.o)
 .debug_aranges
                0x00000218       0x20 /opt/blocksds/core/libs/libnds/lib/libnds9.a(crt0_argv.c.o)
 .debug_aranges
                0x00000238       0xd8 /opt/blocksds/core/libs/libnds/lib/libnds9.a(console.c.o)
 .debug_aranges
                0x00000310       0x18 /opt/blocksds/core/libs/libnds/lib/libnds9.a(securearea.c.o)
 .debug_aranges
                0x00000328       0x30 /opt/blocksds/core/libs/libnds/lib/libnds9.a(cache.c.o)
 .debug_aranges
                0x00000358       0x60 /opt/blocksds/core/libs/libnds/lib/libnds9.a(keys.c.o)
 .debug_aranges
                0x000003b8       0x20 /opt/blocksds/core/libs/libnds/lib/libnds9.a(initSystem.c.o)
 .debug_aranges
                0x000003d8       0x40 /opt/blocksds/core/libs/libnds/lib/libnds9.a(background.c.o)
 .debug_aranges
                0x00000418       0x38 /opt/blocksds/core/libs/libnds/lib/libnds9.a(video.c.o)
 .debug_aranges
                0x00000450       0x60 /opt/blocksds/core/libs/libnds/lib/libnds9.a(trig.c.o)
 .debug_aranges
                0x000004b0       0x28 /opt/blocksds/core/libs/libnds/lib/libnds9.a(swiIntrWait.c.o)
 .debug_aranges
                0x000004d8       0x48 /opt/blocksds/core/libs/libnds/lib/libnds9.a(interrupts.c.o)
 .debug_aranges
                0x00000520       0x20 /opt/blocksds/core/libs/libnds/lib/libnds9.a(sbrk.c.o)
 .debug_aranges
                0x00000540       0x38 /opt/blocksds/core/libs/libnds/lib/libnds9.a(exit.c.o)
 .debug_aranges
                0x00000578       0x38 /opt/blocksds/core/libs/libnds/lib/libnds9.a(heapfuncs.c.o)
 .debug_aranges
                0x000005b0       0xd8 /opt/blocksds/core/libs/libnds/lib/libnds9.a(fifosystem.c.o)
 .debug_aranges
                0x00000688       0x90 /opt/blocksds/core/libs/libnds/lib/libnds9.a(threads.c.o)
 .debug_aranges
                0x00000718       0x18 /opt/blocksds/core/libs/libnds/lib/libnds9.a(default_font.png.o)
 .debug_aranges
                0x00000730       0x20 /opt/blocksds/core/libs/libnds/lib/libnds9.a(cpu_clock.s.o)
 .debug_aranges
                0x00000750       0x20 /opt/blocksds/core/libs/libnds/lib/libnds9.a(interruptDispatcher.s.o)
 .debug_aranges
                0x00000770       0x28 /opt/blocksds/core/libs/libnds/lib/libnds9.a(dma.s.o)
 .debug_aranges
                0x00000798       0x30 /opt/blocksds/core/libs/libnds/lib/libnds9.a(memcpy.s.o)
 .debug_aranges
                0x000007c8       0x38 /opt/blocksds/core/libs/libnds/lib/libnds9.a(coroutine.s.o)
 .debug_aranges
                0x00000800       0x40 /opt/blocksds/core/libs/libnds/lib/libnds9.a(memset.s.o)
 .debug_aranges
                0x00000840       0x20 /opt/blocksds/core/libs/libnds/lib/libnds9.a(aeabi_read_tp.s.o)
 .debug_aranges
                0x00000860       0x38 /opt/blocksds/core/libs/libnds/lib/libnds9.a(iob.c.o)
 .debug_aranges
                0x00000898       0x88 /opt/blocksds/core/libs/libnds/lib/libnds9.a(system.c.o)
 .debug_aranges
                0x00000920       0x48 /opt/blocksds/core/libs/libnds/lib/libnds9.a(exceptions.c.o)
 .debug_aranges
                0x00000968       0x38 /opt/blocksds/core/libs/libnds/lib/libnds9.a(exceptions.c.o)
 .debug_aranges
                0x000009a0       0x68 /opt/blocksds/core/libs/libnds/lib/libnds9.a(locks.c.o)
 .debug_aranges
                0x00000a08       0x28 /opt/blocksds/core/libs/libnds/lib/libnds9.a(coroutine.c.o)
 .debug_aranges
                0x00000a30       0x20 /opt/blocksds/core/libs/libnds/lib/libnds9.a(exceptionHandler.s.o)
 .debug_aranges
                0x00000a50       0x28 /opt/blocksds/core/libs/libnds/lib/libnds9.a(cpu.s.o)
 .debug_aranges
                0x00000a78       0x20 /opt/blocksds/core/libs/libnds/lib/libnds9.a(sassert.c.o)
 .debug_aranges
                0x00000a98       0x20 /opt/wonderful/toolchain/gcc-arm-none-eabi/lib/gcc/arm-none-eabi/15.2.1/../../../../arm-none-eabi/lib/thumb/arm946e-s/libc.a(strlen.S.o)
 .debug_aranges
                0x00000ab8       0x28 /opt/wonderful/toolchain/gcc-arm-none-eabi/lib/gcc/arm-none-eabi/15.2.1/../../../../arm-none-eabi/lib/thumb/arm946e-s/libc.a(malloc-free.c.o)
 .debug_aranges
                0x00000ae0       0x20 /opt/wonderful/toolchain/gcc-arm-none-eabi/lib/gcc/arm-none-eabi/15.2.1/../../../../arm-none-eabi/lib/thumb/arm946e-s/libc.a(malloc-malloc.c.o)
 .debug_aranges
                0x00000b00       0x18 /opt/wonderful/toolchain/gcc-arm-none-eabi/lib/gcc/arm-none-eabi/15.2.1/../../../../arm-none-eabi/lib/thumb/arm946e-s/libc.a(libc_errno_errno.c.o)
 .debug_aranges
                0x00000b18       0x20 /opt/wonderful/toolchain/gcc-arm-none-eabi/lib/gcc/arm-none-eabi/15.2.1/../../../../arm-none-eabi/lib/thumb/arm946e-s/libc.a(libc_misc_init.c.o)
 .debug_aranges
                0x00000b38       0x20 /opt/wonderful/toolchain/gcc-arm-none-eabi/lib/gcc/arm-none-eabi/15.2.1/../../../../arm-none-eabi/lib/thumb/arm946e-s/libc.a(libc_stdlib_pico-exit.c.o)
 .debug_aranges
                0x00000b58       0x20 /opt/wonderful/toolchain/gcc-arm-none-eabi/lib/gcc/arm-none-eabi/15.2.1/../../../../arm-none-eabi/lib/thumb/arm946e-s/libc.a(libc_tinystdio_fflush.c.o)
 .debug_aranges
                0x00000b78       0x20 /opt/wonderful/toolchain/gcc-arm-none-eabi/lib/gcc/arm-none-eabi/15.2.1/../../../../arm-none-eabi/lib/thumb/arm946e-s/libc.a(libc_tinystdio_printf.c.o)
 .debug_aranges
                0x00000b98       0x20 /opt/wonderful/toolchain/gcc-arm-none-eabi/lib/gcc/arm-none-eabi/15.2.1/../../../../arm-none-eabi/lib/thumb/arm946e-s/libc.a(libc_tinystdio_putchar.c.o)
 .debug_aranges
                0x00000bb8       0x20 /opt/wonderful/toolchain/gcc-arm-none-eabi/lib/gcc/arm-none-eabi/15.2.1/../../../../arm-none-eabi/lib/thumb/arm946e-s/libc.a(libc_tinystdio_puts.c.o)
 .debug_aranges
                0x00000bd8       0x20 /opt/wonderful/toolchain/gcc-arm-none-eabi/lib/gcc/arm-none-eabi/15.2.1/../../../../arm-none-eabi/lib/thumb/arm946e-s/libc.a(libc_tinystdio_setvbuf.c.o)
 .debug_aranges
                0x00000bf8       0x30 /opt/wonderful/toolchain/gcc-arm-none-eabi/lib/gcc/arm-none-eabi/15.2.1/../../../../arm-none-eabi/lib/thumb/arm946e-s/libc.a(libc_tinystdio_vfprintf.c.o)
 .debug_aranges
                0x00000c28       0x20 /opt/wonderful/toolchain/gcc-arm-none-eabi/lib/gcc/arm-none-eabi/15.2.1/../../../../arm-none-eabi/lib/thumb/arm946e-s/libc.a(libc_tinystdio_vprintf.c.o)
 .debug_aranges
                0x00000c48       0x30 /opt/wonderful/toolchain/gcc-arm-none-eabi/lib/gcc/arm-none-eabi/15.2.1/../../../../arm-none-eabi/lib/thumb/arm946e-s/libc.a(libc_tinystdio_dtoa_ryu.c.o)
 .debug_aranges
                0x00000c78       0x28 /opt/wonderful/toolchain/gcc-arm-none-eabi/lib/gcc/arm-none-eabi/15.2.1/../../../../arm-none-eabi/lib/thumb/arm946e-s/libc.a(libc_tinystdio_ryu_log10.c.o)
 .debug_aranges
                0x00000ca0       0x20 /opt/wonderful/toolchain/gcc-arm-none-eabi/lib/gcc/arm-none-eabi/15.2.1/../../../../arm-none-eabi/lib/thumb/arm946e-s/libc.a(libc_tinystdio_ryu_pow5bits.c.o)
 .debug_aranges
                0x00000cc0       0x30 /opt/wonderful/toolchain/gcc-arm-none-eabi/lib/gcc/arm-none-eabi/15.2.1/../../../../arm-none-eabi/lib/thumb/arm946e-s/libc.a(libc_tinystdio_ryu_table.c.o)
 .debug_aranges
                0x00000cf0       0x28 /opt/wonderful/toolchain/gcc-arm-none-eabi/lib/gcc/arm-none-eabi/15.2.1/../../../../arm-none-eabi/lib/thumb/arm946e-s/libc.a(libc_tinystdio_ryu_umul128.c.o)
 .debug_aranges
                0x00000d18       0x20 /opt/wonderful/toolchain/gcc-arm-none-eabi/lib/gcc/arm-none-eabi/15.2.1/../../../../arm-none-eabi/lib/thumb/arm946e-s/libc.a(libc_misc_fini.c.o)
 .debug_aranges
                0x00000d38       0x20 /opt/wonderful/toolchain/gcc-arm-none-eabi/lib/gcc/arm-none-eabi/15.2.1/../../../../arm-none-eabi/lib/thumb/arm946e-s/libc.a(libc_string_strnlen.c.o)
 .debug_aranges
                0x00000d58       0x20 /opt/wonderful/toolchain/gcc-arm-none-eabi/lib/gcc/arm-none-eabi/15.2.1/../../../../arm-none-eabi/lib/thumb/arm946e-s/libc.a(libc_tinystdio_dtox_engine.c.o)
 .debug_aranges
                0x00000d78       0x20 /opt/wonderful/toolchain/gcc-arm-none-eabi/lib/gcc/arm-none-eabi/15.2.1/../../../../arm-none-eabi/lib/thumb/arm946e-s/libc.a(libc_tinystdio_fputc.c.o)
 .debug_aranges
                0x00000d98       0x20 /opt/wonderful/toolchain/gcc-arm-none-eabi/lib/gcc/arm-none-eabi/15.2.1/thumb/arm946e-s/libgcc.a(_thumb1_case_uqi.o)
 .debug_aranges
                0x00000db8       0x20 /opt/wonderful/toolchain/gcc-arm-none-eabi/lib/gcc/arm-none-eabi/15.2.1/thumb/arm946e-s/libgcc.a(_thumb1_case_uhi.o)
 .debug_aranges
                0x00000dd8       0x20 /opt/wonderful/toolchain/gcc-arm-none-eabi/lib/gcc/arm-none-eabi/15.2.1/thumb/arm946e-s/libgcc.a(_udivsi3.o)
 .debug_aranges
                0x00000df8       0x20 /opt/wonderful/toolchain/gcc-arm-none-eabi/lib/gcc/arm-none-eabi/15.2.1/thumb/arm946e-s/libgcc.a(_divsi3.o)
 .debug_aranges
                0x00000e18       0x20 /opt/wonderful/toolchain/gcc-arm-none-eabi/lib/gcc/arm-none-eabi/15.2.1/thumb/arm946e-s/libgcc.a(_dvmd_tls.o)
 .debug_aranges
                0x00000e38       0x20 /opt/wonderful/toolchain/gcc-arm-none-eabi/lib/gcc/arm-none-eabi/15.2.1/thumb/arm946e-s/libgcc.a(_lshrdi3.o)
 .debug_aranges
                0x00000e58       0x20 /opt/wonderful/toolchain/gcc-arm-none-eabi/lib/gcc/arm-none-eabi/15.2.1/thumb/arm946e-s/libgcc.a(_ashrdi3.o)
 .debug_aranges
                0x00000e78       0x20 /opt/wonderful/toolchain/gcc-arm-none-eabi/lib/gcc/arm-none-eabi/15.2.1/thumb/arm946e-s/libgcc.a(_ashldi3.o)
 .debug_aranges
                0x00000e98       0x20 /opt/wonderful/toolchain/gcc-arm-none-eabi/lib/gcc/arm-none-eabi/15.2.1/thumb/arm946e-s/libgcc.a(_clzsi2.o)
 .debug_aranges
                0x00000eb8       0x20 /opt/wonderful/toolchain/gcc-arm-none-eabi/lib/gcc/arm-none-eabi/15.2.1/thumb/arm946e-s/libgcc.a(_aeabi_uldivmod.o)
 .debug_aranges
                0x00000ed8       0x20 /opt/wonderful/toolchain/gcc-arm-none-eabi/lib/gcc/arm-none-eabi/15.2.1/thumb/arm946e-s/libgcc.a(_udivmoddi4.o)
 .debug_aranges
                0x00000ef8       0x20 /opt/wonderful/toolchain/gcc-arm-none-eabi/lib/gcc/arm-none-eabi/15.2.1/thumb/arm946e-s/libgcc.a(muldi3.o)
 .debug_aranges
                0x00000f18       0x20 /opt/wonderful/toolchain/gcc-arm-none-eabi/lib/gcc/arm-none-eabi/15.2.1/thumb/arm946e-s/libgcc.a(_clzdi2.o)

.debug_pubnames
 *(.debug_pubnames)

.debug_info     0x00000000    0x12358
 *(.debug_info .gnu.linkonce.wi.*)
 .debug_info    0x00000000       0x25 /opt/blocksds/core/sys/crts/ds_arm9_crt0.o
 .debug_info    0x00000025       0x23 /opt/blocksds/core/libs/libnds/lib/libnds9.a(mpu_setup.s.o)
 .debug_info    0x00000048       0x23 /opt/blocksds/core/libs/libnds/lib/libnds9.a(cp15.s.o)
 .debug_info    0x0000006b      0x1f8 /opt/blocksds/core/libs/libnds/lib/libnds9.a(crt0_argv.c.o)
 .debug_info    0x00000263     0x278a /opt/blocksds/core/libs/libnds/lib/libnds9.a(console.c.o)
 .debug_info    0x000029ed       0x5f /opt/blocksds/core/libs/libnds/lib/libnds9.a(securearea.c.o)
 .debug_info    0x00002a4c      0x367 /opt/blocksds/core/libs/libnds/lib/libnds9.a(cache.c.o)
 .debug_info    0x00002db3      0x749 /opt/blocksds/core/libs/libnds/lib/libnds9.a(keys.c.o)
 .debug_info    0x000034fc      0x7d2 /opt/blocksds/core/libs/libnds/lib/libnds9.a(initSystem.c.o)
 .debug_info    0x00003cce      0xa52 /opt/blocksds/core/libs/libnds/lib/libnds9.a(background.c.o)
 .debug_info    0x00004720      0x96d /opt/blocksds/core/libs/libnds/lib/libnds9.a(video.c.o)
 .debug_info    0x0000508d      0x777 /opt/blocksds/core/libs/libnds/lib/libnds9.a(trig.c.o)
 .debug_info    0x00005804      0x16f /opt/blocksds/core/libs/libnds/lib/libnds9.a(swiIntrWait.c.o)
 .debug_info    0x00005973      0x5c7 /opt/blocksds/core/libs/libnds/lib/libnds9.a(interrupts.c.o)
 .debug_info    0x00005f3a      0x121 /opt/blocksds/core/libs/libnds/lib/libnds9.a(sbrk.c.o)
 .debug_info    0x0000605b      0x5ba /opt/blocksds/core/libs/libnds/lib/libnds9.a(exit.c.o)
 .debug_info    0x00006615      0x1d4 /opt/blocksds/core/libs/libnds/lib/libnds9.a(heapfuncs.c.o)
 .debug_info    0x000067e9     0x2290 /opt/blocksds/core/libs/libnds/lib/libnds9.a(fifosystem.c.o)
 .debug_info    0x00008a79     0x12a0 /opt/blocksds/core/libs/libnds/lib/libnds9.a(threads.c.o)
 .debug_info    0x00009d19       0x58 /opt/blocksds/core/libs/libnds/lib/libnds9.a(default_font.png.o)
 .debug_info    0x00009d71       0x24 /opt/blocksds/core/libs/libnds/lib/libnds9.a(cpu_clock.s.o)
 .debug_info    0x00009d95       0x25 /opt/blocksds/core/libs/libnds/lib/libnds9.a(interruptDispatcher.s.o)
 .debug_info    0x00009dba       0x23 /opt/blocksds/core/libs/libnds/lib/libnds9.a(dma.s.o)
 .debug_info    0x00009ddd       0x23 /opt/blocksds/core/libs/libnds/lib/libnds9.a(memcpy.s.o)
 .debug_info    0x00009e00       0x23 /opt/blocksds/core/libs/libnds/lib/libnds9.a(coroutine.s.o)
 .debug_info    0x00009e23       0x23 /opt/blocksds/core/libs/libnds/lib/libnds9.a(memset.s.o)
 .debug_info    0x00009e46       0x24 /opt/blocksds/core/libs/libnds/lib/libnds9.a(aeabi_read_tp.s.o)
 .debug_info    0x00009e6a      0x6a6 /opt/blocksds/core/libs/libnds/lib/libnds9.a(iob.c.o)
 .debug_info    0x0000a510     0x110d /opt/blocksds/core/libs/libnds/lib/libnds9.a(system.c.o)
 .debug_info    0x0000b61d      0x98d /opt/blocksds/core/libs/libnds/lib/libnds9.a(exceptions.c.o)
 .debug_info    0x0000bfaa      0x3e5 /opt/blocksds/core/libs/libnds/lib/libnds9.a(exceptions.c.o)
 .debug_info    0x0000c38f      0x8cb /opt/blocksds/core/libs/libnds/lib/libnds9.a(locks.c.o)
 .debug_info    0x0000cc5a      0x324 /opt/blocksds/core/libs/libnds/lib/libnds9.a(coroutine.c.o)
 .debug_info    0x0000cf7e       0x25 /opt/blocksds/core/libs/libnds/lib/libnds9.a(exceptionHandler.s.o)
 .debug_info    0x0000cfa3       0x23 /opt/blocksds/core/libs/libnds/lib/libnds9.a(cpu.s.o)
 .debug_info    0x0000cfc6      0x628 /opt/blocksds/core/libs/libnds/lib/libnds9.a(sassert.c.o)
 .debug_info    0x0000d5ee       0x31 /opt/wonderful/toolchain/gcc-arm-none-eabi/lib/gcc/arm-none-eabi/15.2.1/../../../../arm-none-eabi/lib/thumb/arm946e-s/libc.a(strlen.S.o)
 .debug_info    0x0000d61f      0x419 /opt/wonderful/toolchain/gcc-arm-none-eabi/lib/gcc/arm-none-eabi/15.2.1/../../../../arm-none-eabi/lib/thumb/arm946e-s/libc.a(malloc-free.c.o)
 .debug_info    0x0000da38      0x577 /opt/wonderful/toolchain/gcc-arm-none-eabi/lib/gcc/arm-none-eabi/15.2.1/../../../../arm-none-eabi/lib/thumb/arm946e-s/libc.a(malloc-malloc.c.o)
 .debug_info    0x0000dfaf       0x85 /opt/wonderful/toolchain/gcc-arm-none-eabi/lib/gcc/arm-none-eabi/15.2.1/../../../../arm-none-eabi/lib/thumb/arm946e-s/libc.a(libc_errno_errno.c.o)
 .debug_info    0x0000e034       0xd9 /opt/wonderful/toolchain/gcc-arm-none-eabi/lib/gcc/arm-none-eabi/15.2.1/../../../../arm-none-eabi/lib/thumb/arm946e-s/libc.a(libc_misc_init.c.o)
 .debug_info    0x0000e10d       0xd3 /opt/wonderful/toolchain/gcc-arm-none-eabi/lib/gcc/arm-none-eabi/15.2.1/../../../../arm-none-eabi/lib/thumb/arm946e-s/libc.a(libc_stdlib_pico-exit.c.o)
 .debug_info    0x0000e1e0      0x1d0 /opt/wonderful/toolchain/gcc-arm-none-eabi/lib/gcc/arm-none-eabi/15.2.1/../../../../arm-none-eabi/lib/thumb/arm946e-s/libc.a(libc_tinystdio_fflush.c.o)
 .debug_info    0x0000e3b0      0x21b /opt/wonderful/toolchain/gcc-arm-none-eabi/lib/gcc/arm-none-eabi/15.2.1/../../../../arm-none-eabi/lib/thumb/arm946e-s/libc.a(libc_tinystdio_printf.c.o)
 .debug_info    0x0000e5cb      0x1bd /opt/wonderful/toolchain/gcc-arm-none-eabi/lib/gcc/arm-none-eabi/15.2.1/../../../../arm-none-eabi/lib/thumb/arm946e-s/libc.a(libc_tinystdio_putchar.c.o)
 .debug_info    0x0000e788      0x249 /opt/wonderful/toolchain/gcc-arm-none-eabi/lib/gcc/arm-none-eabi/15.2.1/../../../../arm-none-eabi/lib/thumb/arm946e-s/libc.a(libc_tinystdio_puts.c.o)
 .debug_info    0x0000e9d1      0x2fd /opt/wonderful/toolchain/gcc-arm-none-eabi/lib/gcc/arm-none-eabi/15.2.1/../../../../arm-none-eabi/lib/thumb/arm946e-s/libc.a(libc_tinystdio_setvbuf.c.o)
 .debug_info    0x0000ecce      0xce5 /opt/wonderful/toolchain/gcc-arm-none-eabi/lib/gcc/arm-none-eabi/15.2.1/../../../../arm-none-eabi/lib/thumb/arm946e-s/libc.a(libc_tinystdio_vfprintf.c.o)
 .debug_info    0x0000f9b3      0x20e /opt/wonderful/toolchain/gcc-arm-none-eabi/lib/gcc/arm-none-eabi/15.2.1/../../../../arm-none-eabi/lib/thumb/arm946e-s/libc.a(libc_tinystdio_vprintf.c.o)
 .debug_info    0x0000fbc1     0x111a /opt/wonderful/toolchain/gcc-arm-none-eabi/lib/gcc/arm-none-eabi/15.2.1/../../../../arm-none-eabi/lib/thumb/arm946e-s/libc.a(libc_tinystdio_dtoa_ryu.c.o)
 .debug_info    0x00010cdb       0xf9 /opt/wonderful/toolchain/gcc-arm-none-eabi/lib/gcc/arm-none-eabi/15.2.1/../../../../arm-none-eabi/lib/thumb/arm946e-s/libc.a(libc_tinystdio_ryu_log10.c.o)
 .debug_info    0x00010dd4       0xd0 /opt/wonderful/toolchain/gcc-arm-none-eabi/lib/gcc/arm-none-eabi/15.2.1/../../../../arm-none-eabi/lib/thumb/arm946e-s/libc.a(libc_tinystdio_ryu_pow5bits.c.o)
 .debug_info    0x00010ea4      0x614 /opt/wonderful/toolchain/gcc-arm-none-eabi/lib/gcc/arm-none-eabi/15.2.1/../../../../arm-none-eabi/lib/thumb/arm946e-s/libc.a(libc_tinystdio_ryu_table.c.o)
 .debug_info    0x000114b8      0x2b8 /opt/wonderful/toolchain/gcc-arm-none-eabi/lib/gcc/arm-none-eabi/15.2.1/../../../../arm-none-eabi/lib/thumb/arm946e-s/libc.a(libc_tinystdio_ryu_umul128.c.o)
 .debug_info    0x00011770       0xd9 /opt/wonderful/toolchain/gcc-arm-none-eabi/lib/gcc/arm-none-eabi/15.2.1/../../../../arm-none-eabi/lib/thumb/arm946e-s/libc.a(libc_misc_fini.c.o)
 .debug_info    0x00011849       0xe3 /opt/wonderful/toolchain/gcc-arm-none-eabi/lib/gcc/arm-none-eabi/15.2.1/../../../../arm-none-eabi/lib/thumb/arm946e-s/libc.a(libc_string_strnlen.c.o)
 .debug_info    0x0001192c      0x269 /opt/wonderful/toolchain/gcc-arm-none-eabi/lib/gcc/arm-none-eabi/15.2.1/../../../../arm-none-eabi/lib/thumb/arm946e-s/libc.a(libc_tinystdio_dtox_engine.c.o)
 .debug_info    0x00011b95      0x1a3 /opt/wonderful/toolchain/gcc-arm-none-eabi/lib/gcc/arm-none-eabi/15.2.1/../../../../arm-none-eabi/lib/thumb/arm946e-s/libc.a(libc_tinystdio_fputc.c.o)
 .debug_info    0x00011d38       0x31 /opt/wonderful/toolchain/gcc-arm-none-eabi/lib/gcc/arm-none-eabi/15.2.1/thumb/arm946e-s/libgcc.a(_thumb1_case_uqi.o)
 .debug_info    0x00011d69       0x31 /opt/wonderful/toolchain/gcc-arm-none-eabi/lib/gcc/arm-none-eabi/15.2.1/thumb/arm946e-s/libgcc.a(_thumb1_case_uhi.o)
 .debug_info    0x00011d9a       0x3e /opt/wonderful/toolchain/gcc-arm-none-eabi/lib/gcc/arm-none-eabi/15.2.1/thumb/arm946e-s/libgcc.a(_udivsi3.o)
 .debug_info    0x00011dd8       0x3e /opt/wonderful/toolchain/gcc-arm-none-eabi/lib/gcc/arm-none-eabi/15.2.1/thumb/arm946e-s/libgcc.a(_divsi3.o)
 .debug_info    0x00011e16       0x3c /opt/wonderful/toolchain/gcc-arm-none-eabi/lib/gcc/arm-none-eabi/15.2.1/thumb/arm946e-s/libgcc.a(_dvmd_tls.o)
 .debug_info    0x00011e52       0x3c /opt/wonderful/toolchain/gcc-arm-none-eabi/lib/gcc/arm-none-eabi/15.2.1/thumb/arm946e-s/libgcc.a(_lshrdi3.o)
 .debug_info    0x00011e8e       0x3c /opt/wonderful/toolchain/gcc-arm-none-eabi/lib/gcc/arm-none-eabi/15.2.1/thumb/arm946e-s/libgcc.a(_ashrdi3.o)
 .debug_info    0x00011eca       0x3c /opt/wonderful/toolchain/gcc-arm-none-eabi/lib/gcc/arm-none-eabi/15.2.1/thumb/arm946e-s/libgcc.a(_ashldi3.o)
 .debug_info    0x00011f06       0x31 /opt/wonderful/toolchain/gcc-arm-none-eabi/lib/gcc/arm-none-eabi/15.2.1/thumb/arm946e-s/libgcc.a(_clzsi2.o)
 .debug_info    0x00011f37       0x24 /opt/wonderful/toolchain/gcc-arm-none-eabi/lib/gcc/arm-none-eabi/15.2.1/thumb/arm946e-s/libgcc.a(_aeabi_uldivmod.o)
 .debug_info    0x00011f5b      0x3a8 /opt/wonderful/toolchain/gcc-arm-none-eabi/lib/gcc/arm-none-eabi/15.2.1/thumb/arm946e-s/libgcc.a(_udivmoddi4.o)
 .debug_info    0x00012303       0x24 /opt/wonderful/toolchain/gcc-arm-none-eabi/lib/gcc/arm-none-eabi/15.2.1/thumb/arm946e-s/libgcc.a(muldi3.o)
 .debug_info    0x00012327       0x31 /opt/wonderful/toolchain/gcc-arm-none-eabi/lib/gcc/arm-none-eabi/15.2.1/thumb/arm946e-s/libgcc.a(_clzdi2.o)

.debug_abbrev   0x00000000     0x5b7e
 *(.debug_abbrev)
 .debug_abbrev  0x00000000       0x14 /opt/blocksds/core/sys/crts/ds_arm9_crt0.o
 .debug_abbrev  0x00000014       0x12 /opt/blocksds/core/libs/libnds/lib/libnds9.a(mpu_setup.s.o)
 .debug_abbrev  0x00000026       0x12 /opt/blocksds/core/libs/libnds/lib/libnds9.a(cp15.s.o)
 .debug_abbrev  0x00000038       0xf4 /opt/blocksds/core/libs/libnds/lib/libnds9.a(crt0_argv.c.o)
 .debug_abbrev  0x0000012c      0x605 /opt/blocksds/core/libs/libnds/lib/libnds9.a(console.c.o)
 .debug_abbrev  0x00000731       0x4d /opt/blocksds/core/libs/libnds/lib/libnds9.a(securearea.c.o)
 .debug_abbrev  0x0000077e      0x163 /opt/blocksds/core/libs/libnds/lib/libnds9.a(cache.c.o)
 .debug_abbrev  0x000008e1      0x283 /opt/blocksds/core/libs/libnds/lib/libnds9.a(keys.c.o)
 .debug_abbrev  0x00000b64      0x2fb /opt/blocksds/core/libs/libnds/lib/libnds9.a(initSystem.c.o)
 .debug_abbrev  0x00000e5f      0x373 /opt/blocksds/core/libs/libnds/lib/libnds9.a(background.c.o)
 .debug_abbrev  0x000011d2      0x26d /opt/blocksds/core/libs/libnds/lib/libnds9.a(video.c.o)
 .debug_abbrev  0x0000143f      0x223 /opt/blocksds/core/libs/libnds/lib/libnds9.a(trig.c.o)
 .debug_abbrev  0x00001662      0x119 /opt/blocksds/core/libs/libnds/lib/libnds9.a(swiIntrWait.c.o)
 .debug_abbrev  0x0000177b      0x2e7 /opt/blocksds/core/libs/libnds/lib/libnds9.a(interrupts.c.o)
 .debug_abbrev  0x00001a62       0xd3 /opt/blocksds/core/libs/libnds/lib/libnds9.a(sbrk.c.o)
 .debug_abbrev  0x00001b35      0x2db /opt/blocksds/core/libs/libnds/lib/libnds9.a(exit.c.o)
 .debug_abbrev  0x00001e10      0x167 /opt/blocksds/core/libs/libnds/lib/libnds9.a(heapfuncs.c.o)
 .debug_abbrev  0x00001f77      0x526 /opt/blocksds/core/libs/libnds/lib/libnds9.a(fifosystem.c.o)
 .debug_abbrev  0x0000249d      0x61a /opt/blocksds/core/libs/libnds/lib/libnds9.a(threads.c.o)
 .debug_abbrev  0x00002ab7       0x50 /opt/blocksds/core/libs/libnds/lib/libnds9.a(default_font.png.o)
 .debug_abbrev  0x00002b07       0x14 /opt/blocksds/core/libs/libnds/lib/libnds9.a(cpu_clock.s.o)
 .debug_abbrev  0x00002b1b       0x14 /opt/blocksds/core/libs/libnds/lib/libnds9.a(interruptDispatcher.s.o)
 .debug_abbrev  0x00002b2f       0x12 /opt/blocksds/core/libs/libnds/lib/libnds9.a(dma.s.o)
 .debug_abbrev  0x00002b41       0x12 /opt/blocksds/core/libs/libnds/lib/libnds9.a(memcpy.s.o)
 .debug_abbrev  0x00002b53       0x12 /opt/blocksds/core/libs/libnds/lib/libnds9.a(coroutine.s.o)
 .debug_abbrev  0x00002b65       0x12 /opt/blocksds/core/libs/libnds/lib/libnds9.a(memset.s.o)
 .debug_abbrev  0x00002b77       0x14 /opt/blocksds/core/libs/libnds/lib/libnds9.a(aeabi_read_tp.s.o)
 .debug_abbrev  0x00002b8b      0x2ca /opt/blocksds/core/libs/libnds/lib/libnds9.a(iob.c.o)
 .debug_abbrev  0x00002e55      0x422 /opt/blocksds/core/libs/libnds/lib/libnds9.a(system.c.o)
 .debug_abbrev  0x00003277      0x2e7 /opt/blocksds/core/libs/libnds/lib/libnds9.a(exceptions.c.o)
 .debug_abbrev  0x0000355e      0x19d /opt/blocksds/core/libs/libnds/lib/libnds9.a(exceptions.c.o)
 .debug_abbrev  0x000036fb      0x2e7 /opt/blocksds/core/libs/libnds/lib/libnds9.a(locks.c.o)
 .debug_abbrev  0x000039e2      0x17d /opt/blocksds/core/libs/libnds/lib/libnds9.a(coroutine.c.o)
 .debug_abbrev  0x00003b5f       0x14 /opt/blocksds/core/libs/libnds/lib/libnds9.a(exceptionHandler.s.o)
 .debug_abbrev  0x00003b73       0x12 /opt/blocksds/core/libs/libnds/lib/libnds9.a(cpu.s.o)
 .debug_abbrev  0x00003b85      0x25e /opt/blocksds/core/libs/libnds/lib/libnds9.a(sassert.c.o)
 .debug_abbrev  0x00003de3       0x28 /opt/wonderful/toolchain/gcc-arm-none-eabi/lib/gcc/arm-none-eabi/15.2.1/../../../../arm-none-eabi/lib/thumb/arm946e-s/libc.a(strlen.S.o)
 .debug_abbrev  0x00003e0b      0x1df /opt/wonderful/toolchain/gcc-arm-none-eabi/lib/gcc/arm-none-eabi/15.2.1/../../../../arm-none-eabi/lib/thumb/arm946e-s/libc.a(malloc-free.c.o)
 .debug_abbrev  0x00003fea      0x234 /opt/wonderful/toolchain/gcc-arm-none-eabi/lib/gcc/arm-none-eabi/15.2.1/../../../../arm-none-eabi/lib/thumb/arm946e-s/libc.a(malloc-malloc.c.o)
 .debug_abbrev  0x0000421e       0x4e /opt/wonderful/toolchain/gcc-arm-none-eabi/lib/gcc/arm-none-eabi/15.2.1/../../../../arm-none-eabi/lib/thumb/arm946e-s/libc.a(libc_errno_errno.c.o)
 .debug_abbrev  0x0000426c       0xa2 /opt/wonderful/toolchain/gcc-arm-none-eabi/lib/gcc/arm-none-eabi/15.2.1/../../../../arm-none-eabi/lib/thumb/arm946e-s/libc.a(libc_misc_init.c.o)
 .debug_abbrev  0x0000430e       0xad /opt/wonderful/toolchain/gcc-arm-none-eabi/lib/gcc/arm-none-eabi/15.2.1/../../../../arm-none-eabi/lib/thumb/arm946e-s/libc.a(libc_stdlib_pico-exit.c.o)
 .debug_abbrev  0x000043bb      0x11a /opt/wonderful/toolchain/gcc-arm-none-eabi/lib/gcc/arm-none-eabi/15.2.1/../../../../arm-none-eabi/lib/thumb/arm946e-s/libc.a(libc_tinystdio_fflush.c.o)
 .debug_abbrev  0x000044d5      0x14d /opt/wonderful/toolchain/gcc-arm-none-eabi/lib/gcc/arm-none-eabi/15.2.1/../../../../arm-none-eabi/lib/thumb/arm946e-s/libc.a(libc_tinystdio_printf.c.o)
 .debug_abbrev  0x00004622      0x103 /opt/wonderful/toolchain/gcc-arm-none-eabi/lib/gcc/arm-none-eabi/15.2.1/../../../../arm-none-eabi/lib/thumb/arm946e-s/libc.a(libc_tinystdio_putchar.c.o)
 .debug_abbrev  0x00004725      0x14f /opt/wonderful/toolchain/gcc-arm-none-eabi/lib/gcc/arm-none-eabi/15.2.1/../../../../arm-none-eabi/lib/thumb/arm946e-s/libc.a(libc_tinystdio_puts.c.o)
 .debug_abbrev  0x00004874      0x146 /opt/wonderful/toolchain/gcc-arm-none-eabi/lib/gcc/arm-none-eabi/15.2.1/../../../../arm-none-eabi/lib/thumb/arm946e-s/libc.a(libc_tinystdio_setvbuf.c.o)
 .debug_abbrev  0x000049ba      0x38c /opt/wonderful/toolchain/gcc-arm-none-eabi/lib/gcc/arm-none-eabi/15.2.1/../../../../arm-none-eabi/lib/thumb/arm946e-s/libc.a(libc_tinystdio_vfprintf.c.o)
 .debug_abbrev  0x00004d46      0x128 /opt/wonderful/toolchain/gcc-arm-none-eabi/lib/gcc/arm-none-eabi/15.2.1/../../../../arm-none-eabi/lib/thumb/arm946e-s/libc.a(libc_tinystdio_vprintf.c.o)
 .debug_abbrev  0x00004e6e      0x389 /opt/wonderful/toolchain/gcc-arm-none-eabi/lib/gcc/arm-none-eabi/15.2.1/../../../../arm-none-eabi/lib/thumb/arm946e-s/libc.a(libc_tinystdio_dtoa_ryu.c.o)
 .debug_abbrev  0x000051f7       0x94 /opt/wonderful/toolchain/gcc-arm-none-eabi/lib/gcc/arm-none-eabi/15.2.1/../../../../arm-none-eabi/lib/thumb/arm946e-s/libc.a(libc_tinystdio_ryu_log10.c.o)
 .debug_abbrev  0x0000528b       0x75 /opt/wonderful/toolchain/gcc-arm-none-eabi/lib/gcc/arm-none-eabi/15.2.1/../../../../arm-none-eabi/lib/thumb/arm946e-s/libc.a(libc_tinystdio_ryu_pow5bits.c.o)
 .debug_abbrev  0x00005300      0x175 /opt/wonderful/toolchain/gcc-arm-none-eabi/lib/gcc/arm-none-eabi/15.2.1/../../../../arm-none-eabi/lib/thumb/arm946e-s/libc.a(libc_tinystdio_ryu_table.c.o)
 .debug_abbrev  0x00005475       0xe8 /opt/wonderful/toolchain/gcc-arm-none-eabi/lib/gcc/arm-none-eabi/15.2.1/../../../../arm-none-eabi/lib/thumb/arm946e-s/libc.a(libc_tinystdio_ryu_umul128.c.o)
 .debug_abbrev  0x0000555d       0xa2 /opt/wonderful/toolchain/gcc-arm-none-eabi/lib/gcc/arm-none-eabi/15.2.1/../../../../arm-none-eabi/lib/thumb/arm946e-s/libc.a(libc_misc_fini.c.o)
 .debug_abbrev  0x000055ff       0x95 /opt/wonderful/toolchain/gcc-arm-none-eabi/lib/gcc/arm-none-eabi/15.2.1/../../../../arm-none-eabi/lib/thumb/arm946e-s/libc.a(libc_string_strnlen.c.o)
 .debug_abbrev  0x00005694      0x12a /opt/wonderful/toolchain/gcc-arm-none-eabi/lib/gcc/arm-none-eabi/15.2.1/../../../../arm-none-eabi/lib/thumb/arm946e-s/libc.a(libc_tinystdio_dtox_engine.c.o)
 .debug_abbrev  0x000057be       0xe4 /opt/wonderful/toolchain/gcc-arm-none-eabi/lib/gcc/arm-none-eabi/15.2.1/../../../../arm-none-eabi/lib/thumb/arm946e-s/libc.a(libc_tinystdio_fputc.c.o)
 .debug_abbrev  0x000058a2       0x28 /opt/wonderful/toolchain/gcc-arm-none-eabi/lib/gcc/arm-none-eabi/15.2.1/thumb/arm946e-s/libgcc.a(_thumb1_case_uqi.o)
 .debug_abbrev  0x000058ca       0x28 /opt/wonderful/toolchain/gcc-arm-none-eabi/lib/gcc/arm-none-eabi/15.2.1/thumb/arm946e-s/libgcc.a(_thumb1_case_uhi.o)
 .debug_abbrev  0x000058f2       0x28 /opt/wonderful/toolchain/gcc-arm-none-eabi/lib/gcc/arm-none-eabi/15.2.1/thumb/arm946e-s/libgcc.a(_udivsi3.o)
 .debug_abbrev  0x0000591a       0x28 /opt/wonderful/toolchain/gcc-arm-none-eabi/lib/gcc/arm-none-eabi/15.2.1/thumb/arm946e-s/libgcc.a(_divsi3.o)
 .debug_abbrev  0x00005942       0x26 /opt/wonderful/toolchain/gcc-arm-none-eabi/lib/gcc/arm-none-eabi/15.2.1/thumb/arm946e-s/libgcc.a(_dvmd_tls.o)
 .debug_abbrev  0x00005968       0x28 /opt/wonderful/toolchain/gcc-arm-none-eabi/lib/gcc/arm-none-eabi/15.2.1/thumb/arm946e-s/libgcc.a(_lshrdi3.o)
 .debug_abbrev  0x00005990       0x28 /opt/wonderful/toolchain/gcc-arm-none-eabi/lib/gcc/arm-none-eabi/15.2.1/thumb/arm946e-s/libgcc.a(_ashrdi3.o)
 .debug_abbrev  0x000059b8       0x28 /opt/wonderful/toolchain/gcc-arm-none-eabi/lib/gcc/arm-none-eabi/15.2.1/thumb/arm946e-s/libgcc.a(_ashldi3.o)
 .debug_abbrev  0x000059e0       0x28 /opt/wonderful/toolchain/gcc-arm-none-eabi/lib/gcc/arm-none-eabi/15.2.1/thumb/arm946e-s/libgcc.a(_clzsi2.o)
 .debug_abbrev  0x00005a08       0x14 /opt/wonderful/toolchain/gcc-arm-none-eabi/lib/gcc/arm-none-eabi/15.2.1/thumb/arm946e-s/libgcc.a(_aeabi_uldivmod.o)
 .debug_abbrev  0x00005a1c      0x126 /opt/wonderful/toolchain/gcc-arm-none-eabi/lib/gcc/arm-none-eabi/15.2.1/thumb/arm946e-s/libgcc.a(_udivmoddi4.o)
 .debug_abbrev  0x00005b42       0x14 /opt/wonderful/toolchain/gcc-arm-none-eabi/lib/gcc/arm-none-eabi/15.2.1/thumb/arm946e-s/libgcc.a(muldi3.o)
 .debug_abbrev  0x00005b56       0x28 /opt/wonderful/toolchain/gcc-arm-none-eabi/lib/gcc/arm-none-eabi/15.2.1/thumb/arm946e-s/libgcc.a(_clzdi2.o)

.debug_line     0x00000000     0xda64
 *(.debug_line .debug_line.* .debug_line_end)
 .debug_line    0x00000000      0x11d /opt/blocksds/core/sys/crts/ds_arm9_crt0.o